Archive member included to satisfy reference by file (symbol)

C:/ST/STM32CubeIDE_1.13.1/STM32CubeIDE/plugins/com.st.stm32cube.ide.mcu.externaltools.gnu-tools-for-stm32.11.3.rel1.win32_1.1.0.202305231506/tools/bin/../lib/gcc/arm-none-eabi/11.3.1/../../../../arm-none-eabi/lib/thumb/v7e-m+fp/hard\libc_nano.a(libc_a-atoi.o)
                              ./Core/Src/mylibs/shell.o (atoi)
C:/ST/STM32CubeIDE_1.13.1/STM32CubeIDE/plugins/com.st.stm32cube.ide.mcu.externaltools.gnu-tools-for-stm32.11.3.rel1.win32_1.1.0.202305231506/tools/bin/../lib/gcc/arm-none-eabi/11.3.1/../../../../arm-none-eabi/lib/thumb/v7e-m+fp/hard\libc_nano.a(libc_a-exit.o)
                              C:/ST/STM32CubeIDE_1.13.1/STM32CubeIDE/plugins/com.st.stm32cube.ide.mcu.externaltools.gnu-tools-for-stm32.11.3.rel1.win32_1.1.0.202305231506/tools/bin/../lib/gcc/arm-none-eabi/11.3.1/../../../../arm-none-eabi/lib/thumb/v7e-m+fp/hard/crt0.o (exit)
C:/ST/STM32CubeIDE_1.13.1/STM32CubeIDE/plugins/com.st.stm32cube.ide.mcu.externaltools.gnu-tools-for-stm32.11.3.rel1.win32_1.1.0.202305231506/tools/bin/../lib/gcc/arm-none-eabi/11.3.1/../../../../arm-none-eabi/lib/thumb/v7e-m+fp/hard\libc_nano.a(libc_a-strtol.o)
                              C:/ST/STM32CubeIDE_1.13.1/STM32CubeIDE/plugins/com.st.stm32cube.ide.mcu.externaltools.gnu-tools-for-stm32.11.3.rel1.win32_1.1.0.202305231506/tools/bin/../lib/gcc/arm-none-eabi/11.3.1/../../../../arm-none-eabi/lib/thumb/v7e-m+fp/hard\libc_nano.a(libc_a-atoi.o) (_strtol_r)
C:/ST/STM32CubeIDE_1.13.1/STM32CubeIDE/plugins/com.st.stm32cube.ide.mcu.externaltools.gnu-tools-for-stm32.11.3.rel1.win32_1.1.0.202305231506/tools/bin/../lib/gcc/arm-none-eabi/11.3.1/../../../../arm-none-eabi/lib/thumb/v7e-m+fp/hard\libc_nano.a(libc_a-ctype_.o)
                              C:/ST/STM32CubeIDE_1.13.1/STM32CubeIDE/plugins/com.st.stm32cube.ide.mcu.externaltools.gnu-tools-for-stm32.11.3.rel1.win32_1.1.0.202305231506/tools/bin/../lib/gcc/arm-none-eabi/11.3.1/../../../../arm-none-eabi/lib/thumb/v7e-m+fp/hard\libc_nano.a(libc_a-strtol.o) (_ctype_)
C:/ST/STM32CubeIDE_1.13.1/STM32CubeIDE/plugins/com.st.stm32cube.ide.mcu.externaltools.gnu-tools-for-stm32.11.3.rel1.win32_1.1.0.202305231506/tools/bin/../lib/gcc/arm-none-eabi/11.3.1/../../../../arm-none-eabi/lib/thumb/v7e-m+fp/hard\libc_nano.a(libc_a-nano-vfprintf_float.o)
                              (_printf_float)
C:/ST/STM32CubeIDE_1.13.1/STM32CubeIDE/plugins/com.st.stm32cube.ide.mcu.externaltools.gnu-tools-for-stm32.11.3.rel1.win32_1.1.0.202305231506/tools/bin/../lib/gcc/arm-none-eabi/11.3.1/../../../../arm-none-eabi/lib/thumb/v7e-m+fp/hard\libc_nano.a(libc_a-nano-vfprintf_i.o)
                              C:/ST/STM32CubeIDE_1.13.1/STM32CubeIDE/plugins/com.st.stm32cube.ide.mcu.externaltools.gnu-tools-for-stm32.11.3.rel1.win32_1.1.0.202305231506/tools/bin/../lib/gcc/arm-none-eabi/11.3.1/../../../../arm-none-eabi/lib/thumb/v7e-m+fp/hard\libc_nano.a(libc_a-nano-vfprintf_float.o) (_printf_common)
C:/ST/STM32CubeIDE_1.13.1/STM32CubeIDE/plugins/com.st.stm32cube.ide.mcu.externaltools.gnu-tools-for-stm32.11.3.rel1.win32_1.1.0.202305231506/tools/bin/../lib/gcc/arm-none-eabi/11.3.1/../../../../arm-none-eabi/lib/thumb/v7e-m+fp/hard\libc_nano.a(libc_a-findfp.o)
                              C:/ST/STM32CubeIDE_1.13.1/STM32CubeIDE/plugins/com.st.stm32cube.ide.mcu.externaltools.gnu-tools-for-stm32.11.3.rel1.win32_1.1.0.202305231506/tools/bin/../lib/gcc/arm-none-eabi/11.3.1/../../../../arm-none-eabi/lib/thumb/v7e-m+fp/hard\libc_nano.a(libc_a-exit.o) (__stdio_exit_handler)
C:/ST/STM32CubeIDE_1.13.1/STM32CubeIDE/plugins/com.st.stm32cube.ide.mcu.externaltools.gnu-tools-for-stm32.11.3.rel1.win32_1.1.0.202305231506/tools/bin/../lib/gcc/arm-none-eabi/11.3.1/../../../../arm-none-eabi/lib/thumb/v7e-m+fp/hard\libc_nano.a(libc_a-fwalk.o)
                              C:/ST/STM32CubeIDE_1.13.1/STM32CubeIDE/plugins/com.st.stm32cube.ide.mcu.externaltools.gnu-tools-for-stm32.11.3.rel1.win32_1.1.0.202305231506/tools/bin/../lib/gcc/arm-none-eabi/11.3.1/../../../../arm-none-eabi/lib/thumb/v7e-m+fp/hard\libc_nano.a(libc_a-findfp.o) (_fwalk_sglue)
C:/ST/STM32CubeIDE_1.13.1/STM32CubeIDE/plugins/com.st.stm32cube.ide.mcu.externaltools.gnu-tools-for-stm32.11.3.rel1.win32_1.1.0.202305231506/tools/bin/../lib/gcc/arm-none-eabi/11.3.1/../../../../arm-none-eabi/lib/thumb/v7e-m+fp/hard\libc_nano.a(libc_a-snprintf.o)
                              ./Core/Src/mylibs/shell.o (snprintf)
C:/ST/STM32CubeIDE_1.13.1/STM32CubeIDE/plugins/com.st.stm32cube.ide.mcu.externaltools.gnu-tools-for-stm32.11.3.rel1.win32_1.1.0.202305231506/tools/bin/../lib/gcc/arm-none-eabi/11.3.1/../../../../arm-none-eabi/lib/thumb/v7e-m+fp/hard\libc_nano.a(libc_a-sprintf.o)
                              ./Core/Src/mylibs/shell.o (sprintf)
[...]
Memory Configuration

Name             Origin             Length             Attributes
RAM              0x0000000020000000 0x0000000000020000 xrw
FLASH            0x0000000008000000 0x0000000000080000 xr
*default*        0x0000000000000000 0xffffffffffffffff

Linker script and memory map

LOAD C:/ST/STM32CubeIDE_1.13.1/STM32CubeIDE/plugins/com.st.stm32cube.ide.mcu.externaltools.gnu-tools-for-stm32.11.3.rel1.win32_1.1.0.202305231506/tools/bin/../lib/gcc/arm-none-eabi/11.3.1/thumb/v7e-m+fp/hard/crti.o
LOAD C:/ST/STM32CubeIDE_1.13.1/STM32CubeIDE/plugins/com.st.stm32cube.ide.mcu.externaltools.gnu-tools-for-stm32.11.3.rel1.win32_1.1.0.202305231506/tools/bin/../lib/gcc/arm-none-eabi/11.3.1/thumb/v7e-m+fp/hard/crtbegin.o
LOAD C:/ST/STM32CubeIDE_1.13.1/STM32CubeIDE/plugins/com.st.stm32cube.ide.mcu.externaltools.gnu-tools-for-stm32.11.3.rel1.win32_1.1.0.202305231506/tools/bin/../lib/gcc/arm-none-eabi/11.3.1/../../../../arm-none-eabi/lib/thumb/v7e-m+fp/hard/crt0.o
LOAD ./Core/Src/adc.o
LOAD ./Core/Src/dma.o
LOAD ./Core/Src/gpio.o
LOAD ./Core/Src/main.o
LOAD ./Core/Src/stm32g4xx_hal_msp.o
LOAD ./Core/Src/stm32g4xx_hal_timebase_tim.o
LOAD ./Core/Src/stm32g4xx_it.o
LOAD ./Core/Src/syscalls.o
LOAD ./Core/Src/sysmem.o
LOAD ./Core/Src/system_stm32g4xx.o
LOAD ./Core/Src/tim.o
LOAD ./Core/Src/usart.o
LOAD ./Core/Src/mylibs/shell.o
LOAD ./Core/Startup/startup_stm32g474retx.o
LOAD ./Drivers/STM32G4xx_HAL_Driver/Src/stm32g4xx_hal.o
LOAD ./Drivers/STM32G4xx_HAL_Driver/Src/stm32g4xx_hal_adc.o
LOAD ./Drivers/STM32G4xx_HAL_Driver/Src/stm32g4xx_hal_adc_ex.o
LOAD ./Drivers/STM32G4xx_HAL_Driver/Src/stm32g4xx_hal_cortex.o
LOAD ./Drivers/STM32G4xx_HAL_Driver/Src/stm32g4xx_hal_dma.o
LOAD ./Drivers/STM32G4xx_HAL_Driver/Src/stm32g4xx_hal_dma_ex.o
LOAD ./Drivers/STM32G4xx_HAL_Driver/Src/stm32g4xx_hal_exti.o
LOAD ./Drivers/STM32G4xx_HAL_Driver/Src/stm32g4xx_hal_flash.o
LOAD ./Drivers/STM32G4xx_HAL_Driver/Src/stm32g4xx_hal_flash_ex.o
LOAD ./Drivers/STM32G4xx_HAL_Driver/Src/stm32g4xx_hal_flash_ramfunc.o
LOAD ./Drivers/STM32G4xx_HAL_Driver/Src/stm32g4xx_hal_gpio.o
LOAD ./Drivers/STM32G4xx_HAL_Driver/Src/stm32g4xx_hal_pwr.o
LOAD ./Drivers/STM32G4xx_HAL_Driver/Src/stm32g4xx_hal_pwr_ex.o
LOAD ./Drivers/STM32G4xx_HAL_Driver/Src/stm32g4xx_hal_rcc.o
LOAD ./Drivers/STM32G4xx_HAL_Driver/Src/stm32g4xx_hal_rcc_ex.o
LOAD ./Drivers/STM32G4xx_HAL_Driver/Src/stm32g4xx_hal_tim.o
LOAD ./Drivers/STM32G4xx_HAL_Driver/Src/stm32g4xx_hal_tim_ex.o
LOAD ./Drivers/STM32G4xx_HAL_Driver/Src/stm32g4xx_hal_uart.o
LOAD ./Drivers/STM32G4xx_HAL_Driver/Src/stm32g4xx_hal_uart_ex.o
LOAD ./Drivers/STM32G4xx_HAL_Driver/Src/stm32g4xx_ll_adc.o
START GROUP
LOAD C:/ST/STM32CubeIDE_1.13.1/STM32CubeIDE/plugins/com.st.stm32cube.ide.mcu.externaltools.gnu-tools-for-stm32.11.3.rel1.win32_1.1.0.202305231506/tools/bin/../lib/gcc/arm-none-eabi/11.3.1/../../../../arm-none-eabi/lib/thumb/v7e-m+fp/hard\libc_nano.a
LOAD C:/ST/STM32CubeIDE_1.13.1/STM32CubeIDE/plugins/com.st.stm32cube.ide.mcu.externaltools.gnu-tools-for-stm32.11.3.rel1.win32_1.1.0.202305231506/tools/bin/../lib/gcc/arm-none-eabi/11.3.1/../../../../arm-none-eabi/lib/thumb/v7e-m+fp/hard\libm.a
END GROUP
START GROUP
LOAD C:/ST/STM32CubeIDE_1.13.1/STM32CubeIDE/plugins/com.st.stm32cube.ide.mcu.externaltools.gnu-tools-for-stm32.11.3.rel1.win32_1.1.0.202305231506/tools/bin/../lib/gcc/arm-none-eabi/11.3.1/thumb/v7e-m+fp/hard\libgcc.a
LOAD C:/ST/STM32CubeIDE_1.13.1/STM32CubeIDE/plugins/com.st.stm32cube.ide.mcu.externaltools.gnu-tools-for-stm32.11.3.rel1.win32_1.1.0.202305231506/tools/bin/../lib/gcc/arm-none-eabi/11.3.1/../../../../arm-none-eabi/lib/thumb/v7e-m+fp/hard\libc_nano.a
END GROUP
START GROUP
LOAD C:/ST/STM32CubeIDE_1.13.1/STM32CubeIDE/plugins/com.st.stm32cube.ide.mcu.externaltools.gnu-tools-for-stm32.11.3.rel1.win32_1.1.0.202305231506/tools/bin/../lib/gcc/arm-none-eabi/11.3.1/thumb/v7e-m+fp/hard\libgcc.a
LOAD C:/ST/STM32CubeIDE_1.13.1/STM32CubeIDE/plugins/com.st.stm32cube.ide.mcu.externaltools.gnu-tools-for-stm32.11.3.rel1.win32_1.1.0.202305231506/tools/bin/../lib/gcc/arm-none-eabi/11.3.1/../../../../arm-none-eabi/lib/thumb/v7e-m+fp/hard\libc_nano.a
LOAD C:/ST/STM32CubeIDE_1.13.1/STM32CubeIDE/plugins/com.st.stm32cube.ide.mcu.externaltools.gnu-tools-for-stm32.11.3.rel1.win32_1.1.0.202305231506/tools/bin/../lib/gcc/arm-none-eabi/11.3.1/../../../../arm-none-eabi/lib/thumb/v7e-m+fp/hard\libnosys.a
END GROUP
START GROUP
LOAD C:/ST/STM32CubeIDE_1.13.1/STM32CubeIDE/plugins/com.st.stm32cube.ide.mcu.externaltools.gnu-tools-for-stm32.11.3.rel1.win32_1.1.0.202305231506/tools/bin/../lib/gcc/arm-none-eabi/11.3.1/thumb/v7e-m+fp/hard\libgcc.a
LOAD C:/ST/STM32CubeIDE_1.13.1/STM32CubeIDE/plugins/com.st.stm32cube.ide.mcu.externaltools.gnu-tools-for-stm32.11.3.rel1.win32_1.1.0.202305231506/tools/bin/../lib/gcc/arm-none-eabi/11.3.1/../../../../arm-none-eabi/lib/thumb/v7e-m+fp/hard\libc_nano.a
LOAD C:/ST/STM32CubeIDE_1.13.1/STM32CubeIDE/plugins/com.st.stm32cube.ide.mcu.externaltools.gnu-tools-for-stm32.11.3.rel1.win32_1.1.0.202305231506/tools/bin/../lib/gcc/arm-none-eabi/11.3.1/../../../../arm-none-eabi/lib/thumb/v7e-m+fp/hard\libnosys.a
END GROUP
LOAD C:/ST/STM32CubeIDE_1.13.1/STM32CubeIDE/plugins/com.st.stm32cube.ide.mcu.externaltools.gnu-tools-for-stm32.11.3.rel1.win32_1.1.0.202305231506/tools/bin/../lib/gcc/arm-none-eabi/11.3.1/thumb/v7e-m+fp/hard/crtend.o
LOAD C:/ST/STM32CubeIDE_1.13.1/STM32CubeIDE/plugins/com.st.stm32cube.ide.mcu.externaltools.gnu-tools-for-stm32.11.3.rel1.win32_1.1.0.202305231506/tools/bin/../lib/gcc/arm-none-eabi/11.3.1/thumb/v7e-m+fp/hard/crtn.o
                0x0000000020020000                _estack = (ORIGIN (RAM) + LENGTH (RAM))
                0x0000000000000200                _Min_Heap_Size = 0x200
                0x0000000000000400                _Min_Stack_Size = 0x400

.isr_vector     0x0000000008000000      0x1d8
                0x0000000008000000                . = ALIGN (0x4)
 *(.isr_vector)
 .isr_vector    0x0000000008000000      0x1d8 ./Core/Startup/startup_stm32g474retx.o
                0x0000000008000000                g_pfnVectors
                0x00000000080001d8                . = ALIGN (0x4)

.text           0x00000000080001e0     0xcc34
                0x00000000080001e0                . = ALIGN (0x4)
 *(.text)
 .text          0x00000000080001e0       0x40 C:/ST/STM32CubeIDE_1.13.1/STM32CubeIDE/plugins/com.st.stm32cube.ide.mcu.externaltools.gnu-tools-for-stm32.11.3.rel1.win32_1.1.0.202305231506/tools/bin/../lib/gcc/arm-none-eabi/11.3.1/thumb/v7e-m+fp/hard/crtbegin.o
 .text          0x0000000008000220       0x14 C:/ST/STM32CubeIDE_1.13.1/STM32CubeIDE/plugins/com.st.stm32cube.ide.mcu.externaltools.gnu-tools-for-stm32.11.3.rel1.win32_1.1.0.202305231506/tools/bin/../lib/gcc/arm-none-eabi/11.3.1/../../../../arm-none-eabi/lib/thumb/v7e-m+fp/hard\libc_nano.a(libc_a-strcmp.o)
                0x0000000008000220                strcmp
 *fill*         0x0000000008000234        0xc 
 .text          0x0000000008000240       0xa0 C:/ST/STM32CubeIDE_1.13.1/STM32CubeIDE/plugins/com.st.stm32cube.ide.mcu.externaltools.gnu-tools-for-stm32.11.3.rel1.win32_1.1.0.202305231506/tools/bin/../lib/gcc/arm-none-eabi/11.3.1/../../../../arm-none-eabi/lib/thumb/v7e-m+fp/hard\libc_nano.a(libc_a-memchr.o)
                0x0000000008000240                memchr
 .text          0x00000000080002e0       0x10 C:/ST/STM32CubeIDE_1.13.1/STM32CubeIDE/plugins/com.st.stm32cube.ide.mcu.externaltools.gnu-tools-for-stm32.11.3.rel1.win32_1.1.0.202305231506/tools/bin/../lib/gcc/arm-none-eabi/11.3.1/../../../../arm-none-eabi/lib/thumb/v7e-m+fp/hard\libc_nano.a(libc_a-strlen.o)
                0x00000000080002e0                strlen
 .text          0x00000000080002f0      0x378 C:/ST/STM32CubeIDE_1.13.1/STM32CubeIDE/plugins/com.st.stm32cube.ide.mcu.externaltools.gnu-tools-for-stm32.11.3.rel1.win32_1.1.0.202305231506/tools/bin/../lib/gcc/arm-none-eabi/11.3.1/thumb/v7e-m+fp/hard\libgcc.a(_arm_addsubdf3.o)
                0x00000000080002f0                __aeabi_drsub
                0x00000000080002f8                __aeabi_dsub
                0x00000000080002f8                __subdf3
                0x00000000080002fc                __aeabi_dadd
                0x00000000080002fc                __adddf3
                0x0000000008000574                __floatunsidf
                0x0000000008000574                __aeabi_ui2d
                0x0000000008000594                __floatsidf
                0x0000000008000594                __aeabi_i2d
                0x00000000080005b8                __aeabi_f2d
                0x00000000080005b8                __extendsfdf2
                0x00000000080005fc                __floatundidf
                0x00000000080005fc                __aeabi_ul2d
                0x000000000800060c                __floatdidf
                0x000000000800060c                __aeabi_l2d
 .text          0x0000000008000668      0x424 C:/ST/STM32CubeIDE_1.13.1/STM32CubeIDE/plugins/com.st.stm32cube.ide.mcu.externaltools.gnu-tools-for-stm32.11.3.rel1.win32_1.1.0.202305231506/tools/bin/../lib/gcc/arm-none-eabi/11.3.1/thumb/v7e-m+fp/hard\libgcc.a(_arm_muldivdf3.o)
                0x0000000008000668                __aeabi_dmul
                0x0000000008000668                __muldf3
                0x00000000080008bc                __divdf3
                0x00000000080008bc                __aeabi_ddiv
 .text          0x0000000008000a8c      0x110 C:/ST/STM32CubeIDE_1.13.1/STM32CubeIDE/plugins/com.st.stm32cube.ide.mcu.externaltools.gnu-tools-for-stm32.11.3.rel1.win32_1.1.0.202305231506/tools/bin/../lib/gcc/arm-none-eabi/11.3.1/thumb/v7e-m+fp/hard\libgcc.a(_arm_cmpdf2.o)
                0x0000000008000a8c                __gtdf2
                0x0000000008000a8c                __gedf2
                0x0000000008000a94                __ltdf2
                0x0000000008000a94                __ledf2
                0x0000000008000a9c                __nedf2
                0x0000000008000a9c                __eqdf2
                0x0000000008000a9c                __cmpdf2
                0x0000000008000b18                __aeabi_cdrcmple
                0x0000000008000b28                __aeabi_cdcmpeq
                0x0000000008000b28                __aeabi_cdcmple
                0x0000000008000b38                __aeabi_dcmpeq
                0x0000000008000b4c                __aeabi_dcmplt
                0x0000000008000b60                __aeabi_dcmple
                0x0000000008000b74                __aeabi_dcmpge
                0x0000000008000b88                __aeabi_dcmpgt
 .text          0x0000000008000b9c       0x2c C:/ST/STM32CubeIDE_1.13.1/STM32CubeIDE/plugins/com.st.stm32cube.ide.mcu.externaltools.gnu-tools-for-stm32.11.3.rel1.win32_1.1.0.202305231506/tools/bin/../lib/gcc/arm-none-eabi/11.3.1/thumb/v7e-m+fp/hard\libgcc.a(_arm_unorddf2.o)
                0x0000000008000b9c                __unorddf2
                0x0000000008000b9c                __aeabi_dcmpun
 .text          0x0000000008000bc8       0x50 C:/ST/STM32CubeIDE_1.13.1/STM32CubeIDE/plugins/com.st.stm32cube.ide.mcu.externaltools.gnu-tools-for-stm32.11.3.rel1.win32_1.1.0.202305231506/tools/bin/../lib/gcc/arm-none-eabi/11.3.1/thumb/v7e-m+fp/hard\libgcc.a(_arm_fixdfsi.o)
                0x0000000008000bc8                __aeabi_d2iz
                0x0000000008000bc8                __fixdfsi
 .text          0x0000000008000c18       0xa0 C:/ST/STM32CubeIDE_1.13.1/STM32CubeIDE/plugins/com.st.stm32cube.ide.mcu.externaltools.gnu-tools-for-stm32.11.3.rel1.win32_1.1.0.202305231506/tools/bin/../lib/gcc/arm-none-eabi/11.3.1/thumb/v7e-m+fp/hard\libgcc.a(_arm_truncdfsf2.o)
                0x0000000008000c18                __truncdfsf2
                0x0000000008000c18                __aeabi_d2f
 .text          0x0000000008000cb8       0x30 C:/ST/STM32CubeIDE_1.13.1/STM32CubeIDE/plugins/com.st.stm32cube.ide.mcu.externaltools.gnu-tools-for-stm32.11.3.rel1.win32_1.1.0.202305231506/tools/bin/../lib/gcc/arm-none-eabi/11.3.1/thumb/v7e-m+fp/hard\libgcc.a(_aeabi_uldivmod.o)
                0x0000000008000cb8                __aeabi_uldivmod
 .text          0x0000000008000ce8      0x2c8 C:/ST/STM32CubeIDE_1.13.1/STM32CubeIDE/plugins/com.st.stm32cube.ide.mcu.externaltools.gnu-tools-for-stm32.11.3.rel1.win32_1.1.0.202305231506/tools/bin/../lib/gcc/arm-none-eabi/11.3.1/thumb/v7e-m+fp/hard\libgcc.a(_udivmoddi4.o)
                0x0000000008000ce8                __udivmoddi4
 .text          0x0000000008000fb0        0x4 C:/ST/STM32CubeIDE_1.13.1/STM32CubeIDE/plugins/com.st.stm32cube.ide.mcu.externaltools.gnu-tools-for-stm32.11.3.rel1.win32_1.1.0.202305231506/tools/bin/../lib/gcc/arm-none-eabi/11.3.1/thumb/v7e-m+fp/hard\libgcc.a(_dvmd_tls.o)
                0x0000000008000fb0                __aeabi_idiv0
                0x0000000008000fb0                __aeabi_ldiv0
 *(.text*)
 .text.MX_ADC1_Init
                0x0000000008000fb4       0xf4 ./Core/Src/adc.o
                0x0000000008000fb4                MX_ADC1_Init
 .text.MX_ADC2_Init
                0x00000000080010a8       0xcc ./Core/Src/adc.o
                0x00000000080010a8                MX_ADC2_Init
 .text.HAL_ADC_MspInit
                0x0000000008001174      0x274 ./Core/Src/adc.o
                0x0000000008001174                HAL_ADC_MspInit
 .text.MX_DMA_Init
                0x00000000080013e8       0x54 ./Core/Src/dma.o
                0x00000000080013e8                MX_DMA_Init
 .text.MX_GPIO_Init
                0x000000000800143c      0x120 ./Core/Src/gpio.o
                0x000000000800143c                MX_GPIO_Init
 .text.main     0x000000000800155c       0x50 ./Core/Src/main.o
                0x000000000800155c                main
 .text.SystemClock_Config
                0x00000000080015ac       0x92 ./Core/Src/main.o
                0x00000000080015ac                SystemClock_Config
 *fill*         0x000000000800163e        0x2 
 .text.HAL_ADC_ConvCpltCallback
                0x0000000008001640       0xa4 ./Core/Src/main.o
                0x0000000008001640                HAL_ADC_ConvCpltCallback
 .text.HAL_TIM_PeriodElapsedCallback
                0x00000000080016e4       0x24 ./Core/Src/main.o
                0x00000000080016e4                HAL_TIM_PeriodElapsedCallback
 .text.Error_Handler
                0x0000000008001708        0xa ./Core/Src/main.o
                0x0000000008001708                Error_Handler
 *fill*         0x0000000008001712        0x2 
 .text.HAL_MspInit
                0x0000000008001714       0x48 ./Core/Src/stm32g4xx_hal_msp.o
                0x0000000008001714                HAL_MspInit
 .text.HAL_InitTick
                0x000000000800175c       0xd8 ./Core/Src/stm32g4xx_hal_timebase_tim.o
                0x000000000800175c                HAL_InitTick
 .text.NMI_Handler
                0x0000000008001834        0x6 ./Core/Src/stm32g4xx_it.o
                0x0000000008001834                NMI_Handler
 .text.HardFault_Handler
                0x000000000800183a        0x6 ./Core/Src/stm32g4xx_it.o
                0x000000000800183a                HardFault_Handler
 .text.MemManage_Handler
                0x0000000008001840        0x6 ./Core/Src/stm32g4xx_it.o
                0x0000000008001840                MemManage_Handler
 .text.BusFault_Handler
                0x0000000008001846        0x6 ./Core/Src/stm32g4xx_it.o
                0x0000000008001846                BusFault_Handler
 .text.UsageFault_Handler
                0x000000000800184c        0x6 ./Core/Src/stm32g4xx_it.o
                0x000000000800184c                UsageFault_Handler
 .text.SVC_Handler
                0x0000000008001852        0xe ./Core/Src/stm32g4xx_it.o
                0x0000000008001852                SVC_Handler
 .text.DebugMon_Handler
                0x0000000008001860        0xe ./Core/Src/stm32g4xx_it.o
                0x0000000008001860                DebugMon_Handler
 .text.PendSV_Handler
                0x000000000800186e        0xe ./Core/Src/stm32g4xx_it.o
                0x000000000800186e                PendSV_Handler
 .text.SysTick_Handler
                0x000000000800187c        0xe ./Core/Src/stm32g4xx_it.o
                0x000000000800187c                SysTick_Handler
 *fill*         0x000000000800188a        0x2 
 .text.DMA1_Channel2_IRQHandler
                0x000000000800188c       0x14 ./Core/Src/stm32g4xx_it.o
                0x000000000800188c                DMA1_Channel2_IRQHandler
 .text.ADC1_2_IRQHandler
                0x00000000080018a0       0x1c ./Core/Src/stm32g4xx_it.o
                0x00000000080018a0                ADC1_2_IRQHandler
 .text.USART2_IRQHandler
                0x00000000080018bc       0x14 ./Core/Src/stm32g4xx_it.o
                0x00000000080018bc                USART2_IRQHandler
 .text.USART3_IRQHandler
                0x00000000080018d0       0x14 ./Core/Src/stm32g4xx_it.o
                0x00000000080018d0                USART3_IRQHandler
 .text.EXTI15_10_IRQHandler
                0x00000000080018e4       0x10 ./Core/Src/stm32g4xx_it.o
                0x00000000080018e4                EXTI15_10_IRQHandler
 .text.TIM6_DAC_IRQHandler
                0x00000000080018f4       0x14 ./Core/Src/stm32g4xx_it.o
                0x00000000080018f4                TIM6_DAC_IRQHandler
 .text._getpid  0x0000000008001908       0x10 ./Core/Src/syscalls.o
                0x0000000008001908                _getpid
 .text._kill    0x0000000008001918       0x20 ./Core/Src/syscalls.o
                0x0000000008001918                _kill
 .text._exit    0x0000000008001938       0x14 ./Core/Src/syscalls.o
                0x0000000008001938                _exit
 .text._read    0x000000000800194c       0x3a ./Core/Src/syscalls.o
                0x000000000800194c                _read
 .text._write   0x0000000008001986       0x38 ./Core/Src/syscalls.o
                0x0000000008001986                _write
 .text._close   0x00000000080019be       0x18 ./Core/Src/syscalls.o
                0x00000000080019be                _close
 .text._fstat   0x00000000080019d6       0x20 ./Core/Src/syscalls.o
                0x00000000080019d6                _fstat
 .text._isatty  0x00000000080019f6       0x16 ./Core/Src/syscalls.o
                0x00000000080019f6                _isatty
 .text._lseek   0x0000000008001a0c       0x1a ./Core/Src/syscalls.o
                0x0000000008001a0c                _lseek
 *fill*         0x0000000008001a26        0x2 
 .text._sbrk    0x0000000008001a28       0x6c ./Core/Src/sysmem.o
                0x0000000008001a28                _sbrk
 .text.SystemInit
                0x0000000008001a94       0x24 ./Core/Src/system_stm32g4xx.o
                0x0000000008001a94                SystemInit
 .text.MX_TIM1_Init
                0x0000000008001ab8      0x164 ./Core/Src/tim.o
                0x0000000008001ab8                MX_TIM1_Init
 .text.MX_TIM3_Init
                0x0000000008001c1c       0x98 ./Core/Src/tim.o
                0x0000000008001c1c                MX_TIM3_Init
 .text.HAL_TIM_PWM_MspInit
                0x0000000008001cb4       0x40 ./Core/Src/tim.o
                0x0000000008001cb4                HAL_TIM_PWM_MspInit
 .text.HAL_TIMEx_HallSensor_MspInit
                0x0000000008001cf4       0xc4 ./Core/Src/tim.o
                0x0000000008001cf4                HAL_TIMEx_HallSensor_MspInit
 .text.HAL_TIM_MspPostInit
                0x0000000008001db8       0xd0 ./Core/Src/tim.o
                0x0000000008001db8                HAL_TIM_MspPostInit
 .text.MX_USART2_UART_Init
                0x0000000008001e88       0x98 ./Core/Src/usart.o
                0x0000000008001e88                MX_USART2_UART_Init
 .text.MX_USART3_UART_Init
                0x0000000008001f20       0x98 ./Core/Src/usart.o
                0x0000000008001f20                MX_USART3_UART_Init
 .text.HAL_UART_MspInit
                0x0000000008001fb8      0x150 ./Core/Src/usart.o
                0x0000000008001fb8                HAL_UART_MspInit
 .text.Shell_Init
                0x0000000008002108       0x80 ./Core/Src/mylibs/shell.o
                0x0000000008002108                Shell_Init
 .text.Shell_Loop
                0x0000000008002188      0x40c ./Core/Src/mylibs/shell.o
                0x0000000008002188                Shell_Loop
 .text.HAL_UART_RxCpltCallback
                0x0000000008002594       0x2c ./Core/Src/mylibs/shell.o
                0x0000000008002594                HAL_UART_RxCpltCallback
 .text.Reset_Handler
                0x00000000080025c0       0x50 ./Core/Startup/startup_stm32g474retx.o
                0x00000000080025c0                Reset_Handler
 .text.Default_Handler
                0x0000000008002610        0x2 ./Core/Startup/startup_stm32g474retx.o
                0x0000000008002610                RTC_Alarm_IRQHandler
                0x0000000008002610                EXTI2_IRQHandler
                0x0000000008002610                TIM8_TRG_COM_IRQHandler
                0x0000000008002610                TIM8_CC_IRQHandler
                0x0000000008002610                HRTIM1_Master_IRQHandler
                0x0000000008002610                SPI4_IRQHandler
                0x0000000008002610                FDCAN3_IT0_IRQHandler
                0x0000000008002610                TIM1_CC_IRQHandler
                0x0000000008002610                HRTIM1_FLT_IRQHandler
                0x0000000008002610                HRTIM1_TIMF_IRQHandler
                0x0000000008002610                USB_HP_IRQHandler
                0x0000000008002610                CORDIC_IRQHandler
                0x0000000008002610                HRTIM1_TIMD_IRQHandler
                0x0000000008002610                DMA2_Channel8_IRQHandler
                0x0000000008002610                EXTI3_IRQHandler
                0x0000000008002610                I2C3_ER_IRQHandler
                0x0000000008002610                EXTI0_IRQHandler
                0x0000000008002610                I2C2_EV_IRQHandler
                0x0000000008002610                FPU_IRQHandler
                0x0000000008002610                FDCAN1_IT1_IRQHandler
                0x0000000008002610                TIM1_UP_TIM16_IRQHandler
                0x0000000008002610                HRTIM1_TIME_IRQHandler
                0x0000000008002610                SPI1_IRQHandler
                0x0000000008002610                HRTIM1_TIMC_IRQHandler
                0x0000000008002610                TIM8_UP_IRQHandler
                0x0000000008002610                DMA2_Channel2_IRQHandler
                0x0000000008002610                DMA1_Channel4_IRQHandler
                0x0000000008002610                TIM20_TRG_COM_IRQHandler
                0x0000000008002610                DMA1_Channel7_IRQHandler
                0x0000000008002610                UART5_IRQHandler
                0x0000000008002610                ADC3_IRQHandler
                0x0000000008002610                TIM4_IRQHandler
                0x0000000008002610                DMA2_Channel1_IRQHandler
                0x0000000008002610                QUADSPI_IRQHandler
                0x0000000008002610                I2C1_EV_IRQHandler
                0x0000000008002610                DMA1_Channel6_IRQHandler
                0x0000000008002610                UART4_IRQHandler
                0x0000000008002610                DMA2_Channel4_IRQHandler
                0x0000000008002610                TIM3_IRQHandler
                0x0000000008002610                RCC_IRQHandler
                0x0000000008002610                TIM20_UP_IRQHandler
                0x0000000008002610                DMA1_Channel1_IRQHandler
                0x0000000008002610                Default_Handler
                0x0000000008002610                DMA2_Channel7_IRQHandler
                0x0000000008002610                RTC_TAMP_LSECSS_IRQHandler
                0x0000000008002610                FMAC_IRQHandler
                0x0000000008002610                DMA1_Channel8_IRQHandler
                0x0000000008002610                HRTIM1_TIMA_IRQHandler
                0x0000000008002610                TIM7_DAC_IRQHandler
                0x0000000008002610                FDCAN3_IT1_IRQHandler
                0x0000000008002610                TIM5_IRQHandler
                0x0000000008002610                UCPD1_IRQHandler
                0x0000000008002610                I2C3_EV_IRQHandler
                0x0000000008002610                EXTI9_5_IRQHandler
                0x0000000008002610                RTC_WKUP_IRQHandler
                0x0000000008002610                PVD_PVM_IRQHandler
                0x0000000008002610                SPI2_IRQHandler
                0x0000000008002610                ADC5_IRQHandler
                0x0000000008002610                DMA2_Channel5_IRQHandler
                0x0000000008002610                CRS_IRQHandler
                0x0000000008002610                DMA1_Channel5_IRQHandler
                0x0000000008002610                USB_LP_IRQHandler
                0x0000000008002610                EXTI4_IRQHandler
                0x0000000008002610                RNG_IRQHandler
                0x0000000008002610                HRTIM1_TIMB_IRQHandler
                0x0000000008002610                TIM1_TRG_COM_TIM17_IRQHandler
                0x0000000008002610                FDCAN2_IT1_IRQHandler
                0x0000000008002610                DMA1_Channel3_IRQHandler
                0x0000000008002610                ADC4_IRQHandler
                0x0000000008002610                WWDG_IRQHandler
                0x0000000008002610                I2C4_EV_IRQHandler
                0x0000000008002610                FDCAN2_IT0_IRQHandler
                0x0000000008002610                LPUART1_IRQHandler
                0x0000000008002610                DMA2_Channel6_IRQHandler
                0x0000000008002610                FDCAN1_IT0_IRQHandler
                0x0000000008002610                TIM2_IRQHandler
                0x0000000008002610                COMP7_IRQHandler
                0x0000000008002610                COMP1_2_3_IRQHandler
                0x0000000008002610                EXTI1_IRQHandler
                0x0000000008002610                COMP4_5_6_IRQHandler
                0x0000000008002610                TIM20_BRK_IRQHandler
                0x0000000008002610                I2C2_ER_IRQHandler
                0x0000000008002610                TIM8_BRK_IRQHandler
                0x0000000008002610                FLASH_IRQHandler
                0x0000000008002610                TIM20_CC_IRQHandler
                0x0000000008002610                USART1_IRQHandler
                0x0000000008002610                SPI3_IRQHandler
                0x0000000008002610                I2C1_ER_IRQHandler
                0x0000000008002610                FMC_IRQHandler
                0x0000000008002610                LPTIM1_IRQHandler
                0x0000000008002610                DMAMUX_OVR_IRQHandler
                0x0000000008002610                I2C4_ER_IRQHandler
                0x0000000008002610                USBWakeUp_IRQHandler
                0x0000000008002610                SAI1_IRQHandler
                0x0000000008002610                DMA2_Channel3_IRQHandler
                0x0000000008002610                TIM1_BRK_TIM15_IRQHandler
 .text.HAL_Init
                0x0000000008002612       0x30 ./Drivers/STM32G4xx_HAL_Driver/Src/stm32g4xx_hal.o
                0x0000000008002612                HAL_Init
 *fill*         0x0000000008002642        0x2 
 .text.HAL_IncTick
                0x0000000008002644       0x24 ./Drivers/STM32G4xx_HAL_Driver/Src/stm32g4xx_hal.o
                0x0000000008002644                HAL_IncTick
 .text.HAL_GetTick
                0x0000000008002668       0x18 ./Drivers/STM32G4xx_HAL_Driver/Src/stm32g4xx_hal.o
                0x0000000008002668                HAL_GetTick
 .text.LL_ADC_SetCommonClock
                0x0000000008002680       0x26 ./Drivers/STM32G4xx_HAL_Driver/Src/stm32g4xx_hal_adc.o
 .text.LL_ADC_SetCommonPathInternalCh
                0x00000000080026a6       0x26 ./Drivers/STM32G4xx_HAL_Driver/Src/stm32g4xx_hal_adc.o
 .text.LL_ADC_GetCommonPathInternalCh
                0x00000000080026cc       0x1c ./Drivers/STM32G4xx_HAL_Driver/Src/stm32g4xx_hal_adc.o
 .text.LL_ADC_SetOffset
                0x00000000080026e8       0x48 ./Drivers/STM32G4xx_HAL_Driver/Src/stm32g4xx_hal_adc.o
 .text.LL_ADC_GetOffsetChannel
                0x0000000008002730       0x2c ./Drivers/STM32G4xx_HAL_Driver/Src/stm32g4xx_hal_adc.o
 .text.LL_ADC_SetOffsetState
                0x000000000800275c       0x36 ./Drivers/STM32G4xx_HAL_Driver/Src/stm32g4xx_hal_adc.o
 .text.LL_ADC_SetOffsetSign
                0x0000000008002792       0x36 ./Drivers/STM32G4xx_HAL_Driver/Src/stm32g4xx_hal_adc.o
 .text.LL_ADC_SetOffsetSaturation
                0x00000000080027c8       0x36 ./Drivers/STM32G4xx_HAL_Driver/Src/stm32g4xx_hal_adc.o
 .text.LL_ADC_SetSamplingTimeCommonConfig
                0x00000000080027fe       0x26 ./Drivers/STM32G4xx_HAL_Driver/Src/stm32g4xx_hal_adc.o
 .text.LL_ADC_REG_IsTriggerSourceSWStart
                0x0000000008002824       0x26 ./Drivers/STM32G4xx_HAL_Driver/Src/stm32g4xx_hal_adc.o
 .text.LL_ADC_REG_SetSequencerRanks
                0x000000000800284a       0x58 ./Drivers/STM32G4xx_HAL_Driver/Src/stm32g4xx_hal_adc.o
 .text.LL_ADC_INJ_IsTriggerSourceSWStart
                0x00000000080028a2       0x26 ./Drivers/STM32G4xx_HAL_Driver/Src/stm32g4xx_hal_adc.o
 .text.LL_ADC_SetChannelSamplingTime
                0x00000000080028c8       0x56 ./Drivers/STM32G4xx_HAL_Driver/Src/stm32g4xx_hal_adc.o
 *fill*         0x000000000800291e        0x2 
 .text.LL_ADC_SetChannelSingleDiff
                0x0000000008002920       0x50 ./Drivers/STM32G4xx_HAL_Driver/Src/stm32g4xx_hal_adc.o
 .text.LL_ADC_GetMultimode
                0x0000000008002970       0x1c ./Drivers/STM32G4xx_HAL_Driver/Src/stm32g4xx_hal_adc.o
 .text.LL_ADC_GetMultiDMATransfer
                0x000000000800298c       0x1c ./Drivers/STM32G4xx_HAL_Driver/Src/stm32g4xx_hal_adc.o
 .text.LL_ADC_DisableDeepPowerDown
                0x00000000080029a8       0x24 ./Drivers/STM32G4xx_HAL_Driver/Src/stm32g4xx_hal_adc.o
 .text.LL_ADC_IsDeepPowerDownEnabled
                0x00000000080029cc       0x28 ./Drivers/STM32G4xx_HAL_Driver/Src/stm32g4xx_hal_adc.o
 .text.LL_ADC_EnableInternalRegulator
                0x00000000080029f4       0x28 ./Drivers/STM32G4xx_HAL_Driver/Src/stm32g4xx_hal_adc.o
 .text.LL_ADC_IsInternalRegulatorEnabled
                0x0000000008002a1c       0x28 ./Drivers/STM32G4xx_HAL_Driver/Src/stm32g4xx_hal_adc.o
 .text.LL_ADC_Enable
                0x0000000008002a44       0x28 ./Drivers/STM32G4xx_HAL_Driver/Src/stm32g4xx_hal_adc.o
 .text.LL_ADC_Disable
                0x0000000008002a6c       0x28 ./Drivers/STM32G4xx_HAL_Driver/Src/stm32g4xx_hal_adc.o
 .text.LL_ADC_IsEnabled
                0x0000000008002a94       0x26 ./Drivers/STM32G4xx_HAL_Driver/Src/stm32g4xx_hal_adc.o
 .text.LL_ADC_IsDisableOngoing
                0x0000000008002aba       0x26 ./Drivers/STM32G4xx_HAL_Driver/Src/stm32g4xx_hal_adc.o
 .text.LL_ADC_REG_StartConversion
                0x0000000008002ae0       0x28 ./Drivers/STM32G4xx_HAL_Driver/Src/stm32g4xx_hal_adc.o
 .text.LL_ADC_REG_IsConversionOngoing
                0x0000000008002b08       0x26 ./Drivers/STM32G4xx_HAL_Driver/Src/stm32g4xx_hal_adc.o
 .text.LL_ADC_INJ_IsConversionOngoing
                0x0000000008002b2e       0x26 ./Drivers/STM32G4xx_HAL_Driver/Src/stm32g4xx_hal_adc.o
 .text.HAL_ADC_Init
                0x0000000008002b54      0x384 ./Drivers/STM32G4xx_HAL_Driver/Src/stm32g4xx_hal_adc.o
                0x0000000008002b54                HAL_ADC_Init
 .text.HAL_ADC_Start
                0x0000000008002ed8      0x1c8 ./Drivers/STM32G4xx_HAL_Driver/Src/stm32g4xx_hal_adc.o
                0x0000000008002ed8                HAL_ADC_Start
 .text.HAL_ADC_Start_DMA
                0x00000000080030a0      0x1a8 ./Drivers/STM32G4xx_HAL_Driver/Src/stm32g4xx_hal_adc.o
                0x00000000080030a0                HAL_ADC_Start_DMA
 .text.HAL_ADC_GetValue
                0x0000000008003248       0x1a ./Drivers/STM32G4xx_HAL_Driver/Src/stm32g4xx_hal_adc.o
                0x0000000008003248                HAL_ADC_GetValue
 *fill*         0x0000000008003262        0x2 
 .text.HAL_ADC_IRQHandler
                0x0000000008003264      0x4c0 ./Drivers/STM32G4xx_HAL_Driver/Src/stm32g4xx_hal_adc.o
                0x0000000008003264                HAL_ADC_IRQHandler
 .text.HAL_ADC_ConvHalfCpltCallback
                0x0000000008003724       0x14 ./Drivers/STM32G4xx_HAL_Driver/Src/stm32g4xx_hal_adc.o
                0x0000000008003724                HAL_ADC_ConvHalfCpltCallback
 .text.HAL_ADC_LevelOutOfWindowCallback
                0x0000000008003738       0x14 ./Drivers/STM32G4xx_HAL_Driver/Src/stm32g4xx_hal_adc.o
                0x0000000008003738                HAL_ADC_LevelOutOfWindowCallback
 .text.HAL_ADC_ErrorCallback
                0x000000000800374c       0x14 ./Drivers/STM32G4xx_HAL_Driver/Src/stm32g4xx_hal_adc.o
                0x000000000800374c                HAL_ADC_ErrorCallback
 .text.HAL_ADC_ConfigChannel
                0x0000000008003760      0x880 ./Drivers/STM32G4xx_HAL_Driver/Src/stm32g4xx_hal_adc.o
                0x0000000008003760                HAL_ADC_ConfigChannel
 .text.ADC_Enable
                0x0000000008003fe0       0xc4 ./Drivers/STM32G4xx_HAL_Driver/Src/stm32g4xx_hal_adc.o
                0x0000000008003fe0                ADC_Enable
 .text.ADC_Disable
                0x00000000080040a4       0xbe ./Drivers/STM32G4xx_HAL_Driver/Src/stm32g4xx_hal_adc.o
                0x00000000080040a4                ADC_Disable
 .text.ADC_DMAConvCplt
                0x0000000008004162       0xd8 ./Drivers/STM32G4xx_HAL_Driver/Src/stm32g4xx_hal_adc.o
                0x0000000008004162                ADC_DMAConvCplt
 .text.ADC_DMAHalfConvCplt
                0x000000000800423a       0x1c ./Drivers/STM32G4xx_HAL_Driver/Src/stm32g4xx_hal_adc.o
                0x000000000800423a                ADC_DMAHalfConvCplt
 .text.ADC_DMAError
                0x0000000008004256       0x34 ./Drivers/STM32G4xx_HAL_Driver/Src/stm32g4xx_hal_adc.o
                0x0000000008004256                ADC_DMAError
 .text.LL_ADC_IsEnabled
                0x000000000800428a       0x26 ./Drivers/STM32G4xx_HAL_Driver/Src/stm32g4xx_hal_adc_ex.o
 .text.LL_ADC_StartCalibration
                0x00000000080042b0       0x32 ./Drivers/STM32G4xx_HAL_Driver/Src/stm32g4xx_hal_adc_ex.o
 .text.LL_ADC_IsCalibrationOnGoing
                0x00000000080042e2       0x28 ./Drivers/STM32G4xx_HAL_Driver/Src/stm32g4xx_hal_adc_ex.o
 .text.LL_ADC_REG_IsConversionOngoing
                0x000000000800430a       0x26 ./Drivers/STM32G4xx_HAL_Driver/Src/stm32g4xx_hal_adc_ex.o
 .text.HAL_ADCEx_Calibration_Start
                0x0000000008004330       0xc4 ./Drivers/STM32G4xx_HAL_Driver/Src/stm32g4xx_hal_adc_ex.o
                0x0000000008004330                HAL_ADCEx_Calibration_Start
 .text.HAL_ADCEx_InjectedConvCpltCallback
                0x00000000080043f4       0x14 ./Drivers/STM32G4xx_HAL_Driver/Src/stm32g4xx_hal_adc_ex.o
                0x00000000080043f4                HAL_ADCEx_InjectedConvCpltCallback
 .text.HAL_ADCEx_InjectedQueueOverflowCallback
                0x0000000008004408       0x14 ./Drivers/STM32G4xx_HAL_Driver/Src/stm32g4xx_hal_adc_ex.o
                0x0000000008004408                HAL_ADCEx_InjectedQueueOverflowCallback
 .text.HAL_ADCEx_LevelOutOfWindow2Callback
                0x000000000800441c       0x14 ./Drivers/STM32G4xx_HAL_Driver/Src/stm32g4xx_hal_adc_ex.o
                0x000000000800441c                HAL_ADCEx_LevelOutOfWindow2Callback
 .text.HAL_ADCEx_LevelOutOfWindow3Callback
                0x0000000008004430       0x14 ./Drivers/STM32G4xx_HAL_Driver/Src/stm32g4xx_hal_adc_ex.o
                0x0000000008004430                HAL_ADCEx_LevelOutOfWindow3Callback
 .text.HAL_ADCEx_EndOfSamplingCallback
                0x0000000008004444       0x14 ./Drivers/STM32G4xx_HAL_Driver/Src/stm32g4xx_hal_adc_ex.o
                0x0000000008004444                HAL_ADCEx_EndOfSamplingCallback
 .text.HAL_ADCEx_MultiModeConfigChannel
                0x0000000008004458      0x210 ./Drivers/STM32G4xx_HAL_Driver/Src/stm32g4xx_hal_adc_ex.o
                0x0000000008004458                HAL_ADCEx_MultiModeConfigChannel
 .text.__NVIC_SetPriorityGrouping
                0x0000000008004668       0x48 ./Drivers/STM32G4xx_HAL_Driver/Src/stm32g4xx_hal_cortex.o
 .text.__NVIC_GetPriorityGrouping
                0x00000000080046b0       0x1c ./Drivers/STM32G4xx_HAL_Driver/Src/stm32g4xx_hal_cortex.o
 .text.__NVIC_EnableIRQ
                0x00000000080046cc       0x3c ./Drivers/STM32G4xx_HAL_Driver/Src/stm32g4xx_hal_cortex.o
 .text.__NVIC_SetPriority
                0x0000000008004708       0x54 ./Drivers/STM32G4xx_HAL_Driver/Src/stm32g4xx_hal_cortex.o
 .text.NVIC_EncodePriority
                0x000000000800475c       0x66 ./Drivers/STM32G4xx_HAL_Driver/Src/stm32g4xx_hal_cortex.o
 .text.HAL_NVIC_SetPriorityGrouping
                0x00000000080047c2       0x16 ./Drivers/STM32G4xx_HAL_Driver/Src/stm32g4xx_hal_cortex.o
                0x00000000080047c2                HAL_NVIC_SetPriorityGrouping
 .text.HAL_NVIC_SetPriority
                0x00000000080047d8       0x34 ./Drivers/STM32G4xx_HAL_Driver/Src/stm32g4xx_hal_cortex.o
                0x00000000080047d8                HAL_NVIC_SetPriority
 .text.HAL_NVIC_EnableIRQ
                0x000000000800480c       0x1c ./Drivers/STM32G4xx_HAL_Driver/Src/stm32g4xx_hal_cortex.o
                0x000000000800480c                HAL_NVIC_EnableIRQ
 .text.HAL_DMA_Init
                0x0000000008004828      0x150 ./Drivers/STM32G4xx_HAL_Driver/Src/stm32g4xx_hal_dma.o
                0x0000000008004828                HAL_DMA_Init
 .text.HAL_DMA_Start_IT
                0x0000000008004978       0xf6 ./Drivers/STM32G4xx_HAL_Driver/Src/stm32g4xx_hal_dma.o
                0x0000000008004978                HAL_DMA_Start_IT
 .text.HAL_DMA_Abort
                0x0000000008004a6e       0xb2 ./Drivers/STM32G4xx_HAL_Driver/Src/stm32g4xx_hal_dma.o
                0x0000000008004a6e                HAL_DMA_Abort
 .text.HAL_DMA_Abort_IT
                0x0000000008004b20       0xce ./Drivers/STM32G4xx_HAL_Driver/Src/stm32g4xx_hal_dma.o
                0x0000000008004b20                HAL_DMA_Abort_IT
 .text.HAL_DMA_IRQHandler
                0x0000000008004bee      0x15e ./Drivers/STM32G4xx_HAL_Driver/Src/stm32g4xx_hal_dma.o
                0x0000000008004bee                HAL_DMA_IRQHandler
 .text.DMA_SetConfig
                0x0000000008004d4c       0x7c ./Drivers/STM32G4xx_HAL_Driver/Src/stm32g4xx_hal_dma.o
 .text.DMA_CalcDMAMUXChannelBaseAndMask
                0x0000000008004dc8       0x7c ./Drivers/STM32G4xx_HAL_Driver/Src/stm32g4xx_hal_dma.o
 .text.DMA_CalcDMAMUXRequestGenBaseAndMask
                0x0000000008004e44       0x48 ./Drivers/STM32G4xx_HAL_Driver/Src/stm32g4xx_hal_dma.o
 .text.HAL_GPIO_Init
                0x0000000008004e8c      0x304 ./Drivers/STM32G4xx_HAL_Driver/Src/stm32g4xx_hal_gpio.o
                0x0000000008004e8c                HAL_GPIO_Init
 .text.HAL_GPIO_WritePin
                0x0000000008005190       0x30 ./Drivers/STM32G4xx_HAL_Driver/Src/stm32g4xx_hal_gpio.o
                0x0000000008005190                HAL_GPIO_WritePin
 .text.HAL_GPIO_EXTI_IRQHandler
                0x00000000080051c0       0x30 ./Drivers/STM32G4xx_HAL_Driver/Src/stm32g4xx_hal_gpio.o
                0x00000000080051c0                HAL_GPIO_EXTI_IRQHandler
 .text.HAL_GPIO_EXTI_Callback
                0x00000000080051f0       0x16 ./Drivers/STM32G4xx_HAL_Driver/Src/stm32g4xx_hal_gpio.o
                0x00000000080051f0                HAL_GPIO_EXTI_Callback
 *fill*         0x0000000008005206        0x2 
 .text.HAL_PWREx_ControlVoltageScaling
                0x0000000008005208      0x148 ./Drivers/STM32G4xx_HAL_Driver/Src/stm32g4xx_hal_pwr_ex.o
                0x0000000008005208                HAL_PWREx_ControlVoltageScaling
 .text.HAL_PWREx_DisableUCPDDeadBattery
                0x0000000008005350       0x20 ./Drivers/STM32G4xx_HAL_Driver/Src/stm32g4xx_hal_pwr_ex.o
                0x0000000008005350                HAL_PWREx_DisableUCPDDeadBattery
 .text.HAL_RCC_OscConfig
                0x0000000008005370      0x630 ./Drivers/STM32G4xx_HAL_Driver/Src/stm32g4xx_hal_rcc.o
                0x0000000008005370                HAL_RCC_OscConfig
 .text.HAL_RCC_ClockConfig
                0x00000000080059a0      0x278 ./Drivers/STM32G4xx_HAL_Driver/Src/stm32g4xx_hal_rcc.o
                0x00000000080059a0                HAL_RCC_ClockConfig
 .text.HAL_RCC_GetSysClockFreq
                0x0000000008005c18       0xc4 ./Drivers/STM32G4xx_HAL_Driver/Src/stm32g4xx_hal_rcc.o
                0x0000000008005c18                HAL_RCC_GetSysClockFreq
 .text.HAL_RCC_GetHCLKFreq
                0x0000000008005cdc       0x18 ./Drivers/STM32G4xx_HAL_Driver/Src/stm32g4xx_hal_rcc.o
                0x0000000008005cdc                HAL_RCC_GetHCLKFreq
 .text.HAL_RCC_GetPCLK1Freq
                0x0000000008005cf4       0x2c ./Drivers/STM32G4xx_HAL_Driver/Src/stm32g4xx_hal_rcc.o
                0x0000000008005cf4                HAL_RCC_GetPCLK1Freq
 .text.HAL_RCC_GetPCLK2Freq
                0x0000000008005d20       0x2c ./Drivers/STM32G4xx_HAL_Driver/Src/stm32g4xx_hal_rcc.o
                0x0000000008005d20                HAL_RCC_GetPCLK2Freq
 .text.HAL_RCC_GetClockConfig
                0x0000000008005d4c       0x64 ./Drivers/STM32G4xx_HAL_Driver/Src/stm32g4xx_hal_rcc.o
                0x0000000008005d4c                HAL_RCC_GetClockConfig
 .text.RCC_GetSysClockFreqFromPLLSource
                0x0000000008005db0       0x8c ./Drivers/STM32G4xx_HAL_Driver/Src/stm32g4xx_hal_rcc.o
 .text.HAL_RCCEx_PeriphCLKConfig
                0x0000000008005e3c      0x49c ./Drivers/STM32G4xx_HAL_Driver/Src/stm32g4xx_hal_rcc_ex.o
                0x0000000008005e3c                HAL_RCCEx_PeriphCLKConfig
 .text.HAL_TIM_Base_Init
                0x00000000080062d8       0xae ./Drivers/STM32G4xx_HAL_Driver/Src/stm32g4xx_hal_tim.o
                0x00000000080062d8                HAL_TIM_Base_Init
 .text.HAL_TIM_Base_MspInit
                0x0000000008006386       0x14 ./Drivers/STM32G4xx_HAL_Driver/Src/stm32g4xx_hal_tim.o
                0x0000000008006386                HAL_TIM_Base_MspInit
 *fill*         0x000000000800639a        0x2 
 .text.HAL_TIM_Base_Start_IT
                0x000000000800639c       0xf0 ./Drivers/STM32G4xx_HAL_Driver/Src/stm32g4xx_hal_tim.o
                0x000000000800639c                HAL_TIM_Base_Start_IT
 .text.HAL_TIM_PWM_Init
                0x000000000800648c       0xae ./Drivers/STM32G4xx_HAL_Driver/Src/stm32g4xx_hal_tim.o
                0x000000000800648c                HAL_TIM_PWM_Init
 *fill*         0x000000000800653a        0x2 
 .text.HAL_TIM_PWM_Start
                0x000000000800653c      0x224 ./Drivers/STM32G4xx_HAL_Driver/Src/stm32g4xx_hal_tim.o
                0x000000000800653c                HAL_TIM_PWM_Start
 .text.HAL_TIM_PWM_Stop
                0x0000000008006760      0x138 ./Drivers/STM32G4xx_HAL_Driver/Src/stm32g4xx_hal_tim.o
                0x0000000008006760                HAL_TIM_PWM_Stop
 .text.HAL_TIM_IRQHandler
                0x0000000008006898      0x2fe ./Drivers/STM32G4xx_HAL_Driver/Src/stm32g4xx_hal_tim.o
                0x0000000008006898                HAL_TIM_IRQHandler
 *fill*         0x0000000008006b96        0x2 
 .text.HAL_TIM_PWM_ConfigChannel
                0x0000000008006b98      0x228 ./Drivers/STM32G4xx_HAL_Driver/Src/stm32g4xx_hal_tim.o
                0x0000000008006b98                HAL_TIM_PWM_ConfigChannel
 .text.HAL_TIM_OC_DelayElapsedCallback
                0x0000000008006dc0       0x14 ./Drivers/STM32G4xx_HAL_Driver/Src/stm32g4xx_hal_tim.o
                0x0000000008006dc0                HAL_TIM_OC_DelayElapsedCallback
 .text.HAL_TIM_IC_CaptureCallback
                0x0000000008006dd4       0x14 ./Drivers/STM32G4xx_HAL_Driver/Src/stm32g4xx_hal_tim.o
                0x0000000008006dd4                HAL_TIM_IC_CaptureCallback
 .text.HAL_TIM_PWM_PulseFinishedCallback
                0x0000000008006de8       0x14 ./Drivers/STM32G4xx_HAL_Driver/Src/stm32g4xx_hal_tim.o
                0x0000000008006de8                HAL_TIM_PWM_PulseFinishedCallback
 .text.HAL_TIM_TriggerCallback
                0x0000000008006dfc       0x14 ./Drivers/STM32G4xx_HAL_Driver/Src/stm32g4xx_hal_tim.o
                0x0000000008006dfc                HAL_TIM_TriggerCallback
 .text.TIM_Base_SetConfig
                0x0000000008006e10      0x150 ./Drivers/STM32G4xx_HAL_Driver/Src/stm32g4xx_hal_tim.o
                0x0000000008006e10                TIM_Base_SetConfig
 .text.TIM_OC1_SetConfig
                0x0000000008006f60      0x134 ./Drivers/STM32G4xx_HAL_Driver/Src/stm32g4xx_hal_tim.o
 .text.TIM_OC2_SetConfig
                0x0000000008007094      0x128 ./Drivers/STM32G4xx_HAL_Driver/Src/stm32g4xx_hal_tim.o
                0x0000000008007094                TIM_OC2_SetConfig
 .text.TIM_OC3_SetConfig
                0x00000000080071bc      0x124 ./Drivers/STM32G4xx_HAL_Driver/Src/stm32g4xx_hal_tim.o
 .text.TIM_OC4_SetConfig
                0x00000000080072e0      0x128 ./Drivers/STM32G4xx_HAL_Driver/Src/stm32g4xx_hal_tim.o
 .text.TIM_OC5_SetConfig
                0x0000000008007408       0xd4 ./Drivers/STM32G4xx_HAL_Driver/Src/stm32g4xx_hal_tim.o
 .text.TIM_OC6_SetConfig
                0x00000000080074dc       0xd8 ./Drivers/STM32G4xx_HAL_Driver/Src/stm32g4xx_hal_tim.o
 .text.TIM_TI1_SetConfig
                0x00000000080075b4       0xe8 ./Drivers/STM32G4xx_HAL_Driver/Src/stm32g4xx_hal_tim.o
                0x00000000080075b4                TIM_TI1_SetConfig
 .text.TIM_CCxChannelCmd
                0x000000000800769c       0x4a ./Drivers/STM32G4xx_HAL_Driver/Src/stm32g4xx_hal_tim.o
                0x000000000800769c                TIM_CCxChannelCmd
 .text.HAL_TIMEx_HallSensor_Init
                0x00000000080076e6      0x15e ./Drivers/STM32G4xx_HAL_Driver/Src/stm32g4xx_hal_tim_ex.o
                0x00000000080076e6                HAL_TIMEx_HallSensor_Init
 .text.HAL_TIMEx_PWMN_Start
                0x0000000008007844      0x184 ./Drivers/STM32G4xx_HAL_Driver/Src/stm32g4xx_hal_tim_ex.o
                0x0000000008007844                HAL_TIMEx_PWMN_Start
 .text.HAL_TIMEx_PWMN_Stop
                0x00000000080079c8       0xba ./Drivers/STM32G4xx_HAL_Driver/Src/stm32g4xx_hal_tim_ex.o
                0x00000000080079c8                HAL_TIMEx_PWMN_Stop
 *fill*         0x0000000008007a82        0x2 
 .text.HAL_TIMEx_MasterConfigSynchronization
                0x0000000008007a84      0x12c ./Drivers/STM32G4xx_HAL_Driver/Src/stm32g4xx_hal_tim_ex.o
                0x0000000008007a84                HAL_TIMEx_MasterConfigSynchronization
 .text.HAL_TIMEx_ConfigBreakDeadTime
                0x0000000008007bb0      0x164 ./Drivers/STM32G4xx_HAL_Driver/Src/stm32g4xx_hal_tim_ex.o
                0x0000000008007bb0                HAL_TIMEx_ConfigBreakDeadTime
 .text.HAL_TIMEx_CommutCallback
                0x0000000008007d14       0x14 ./Drivers/STM32G4xx_HAL_Driver/Src/stm32g4xx_hal_tim_ex.o
                0x0000000008007d14                HAL_TIMEx_CommutCallback
 .text.HAL_TIMEx_BreakCallback
                0x0000000008007d28       0x14 ./Drivers/STM32G4xx_HAL_Driver/Src/stm32g4xx_hal_tim_ex.o
                0x0000000008007d28                HAL_TIMEx_BreakCallback
 .text.HAL_TIMEx_Break2Callback
                0x0000000008007d3c       0x14 ./Drivers/STM32G4xx_HAL_Driver/Src/stm32g4xx_hal_tim_ex.o
                0x0000000008007d3c                HAL_TIMEx_Break2Callback
 .text.HAL_TIMEx_EncoderIndexCallback
                0x0000000008007d50       0x14 ./Drivers/STM32G4xx_HAL_Driver/Src/stm32g4xx_hal_tim_ex.o
                0x0000000008007d50                HAL_TIMEx_EncoderIndexCallback
 .text.HAL_TIMEx_DirectionChangeCallback
                0x0000000008007d64       0x14 ./Drivers/STM32G4xx_HAL_Driver/Src/stm32g4xx_hal_tim_ex.o
                0x0000000008007d64                HAL_TIMEx_DirectionChangeCallback
 .text.HAL_TIMEx_IndexErrorCallback
                0x0000000008007d78       0x14 ./Drivers/STM32G4xx_HAL_Driver/Src/stm32g4xx_hal_tim_ex.o
                0x0000000008007d78                HAL_TIMEx_IndexErrorCallback
 .text.HAL_TIMEx_TransitionErrorCallback
                0x0000000008007d8c       0x14 ./Drivers/STM32G4xx_HAL_Driver/Src/stm32g4xx_hal_tim_ex.o
                0x0000000008007d8c                HAL_TIMEx_TransitionErrorCallback
 .text.TIM_CCxNChannelCmd
                0x0000000008007da0       0x4a ./Drivers/STM32G4xx_HAL_Driver/Src/stm32g4xx_hal_tim_ex.o
 .text.HAL_UART_Init
                0x0000000008007dea       0xa0 ./Drivers/STM32G4xx_HAL_Driver/Src/stm32g4xx_hal_uart.o
                0x0000000008007dea                HAL_UART_Init
 .text.HAL_UART_Transmit
                0x0000000008007e8a      0x12c ./Drivers/STM32G4xx_HAL_Driver/Src/stm32g4xx_hal_uart.o
                0x0000000008007e8a                HAL_UART_Transmit
 *fill*         0x0000000008007fb6        0x2 
 .text.HAL_UART_Receive_IT
                0x0000000008007fb8       0xac ./Drivers/STM32G4xx_HAL_Driver/Src/stm32g4xx_hal_uart.o
                0x0000000008007fb8                HAL_UART_Receive_IT
 .text.HAL_UART_IRQHandler
                0x0000000008008064      0x630 ./Drivers/STM32G4xx_HAL_Driver/Src/stm32g4xx_hal_uart.o
                0x0000000008008064                HAL_UART_IRQHandler
 .text.HAL_UART_TxCpltCallback
                0x0000000008008694       0x14 ./Drivers/STM32G4xx_HAL_Driver/Src/stm32g4xx_hal_uart.o
                0x0000000008008694                HAL_UART_TxCpltCallback
 .text.HAL_UART_ErrorCallback
                0x00000000080086a8       0x14 ./Drivers/STM32G4xx_HAL_Driver/Src/stm32g4xx_hal_uart.o
                0x00000000080086a8                HAL_UART_ErrorCallback
 .text.HAL_UARTEx_RxEventCallback
                0x00000000080086bc       0x18 ./Drivers/STM32G4xx_HAL_Driver/Src/stm32g4xx_hal_uart.o
                0x00000000080086bc                HAL_UARTEx_RxEventCallback
 .text.UART_SetConfig
                0x00000000080086d4      0x5f8 ./Drivers/STM32G4xx_HAL_Driver/Src/stm32g4xx_hal_uart.o
                0x00000000080086d4                UART_SetConfig
 .text.UART_AdvFeatureConfig
                0x0000000008008ccc      0x144 ./Drivers/STM32G4xx_HAL_Driver/Src/stm32g4xx_hal_uart.o
                0x0000000008008ccc                UART_AdvFeatureConfig
 .text.UART_CheckIdleState
                0x0000000008008e10       0x96 ./Drivers/STM32G4xx_HAL_Driver/Src/stm32g4xx_hal_uart.o
                0x0000000008008e10                UART_CheckIdleState
 .text.UART_WaitOnFlagUntilTimeout
                0x0000000008008ea6      0x190 ./Drivers/STM32G4xx_HAL_Driver/Src/stm32g4xx_hal_uart.o
                0x0000000008008ea6                UART_WaitOnFlagUntilTimeout
 *fill*         0x0000000008009036        0x2 
 .text.UART_Start_Receive_IT
                0x0000000008009038      0x254 ./Drivers/STM32G4xx_HAL_Driver/Src/stm32g4xx_hal_uart.o
                0x0000000008009038                UART_Start_Receive_IT
 .text.UART_EndRxTransfer
                0x000000000800928c       0xcc ./Drivers/STM32G4xx_HAL_Driver/Src/stm32g4xx_hal_uart.o
 .text.UART_DMAAbortOnError
                0x0000000008009358       0x2c ./Drivers/STM32G4xx_HAL_Driver/Src/stm32g4xx_hal_uart.o
 .text.UART_EndTransmit_IT
                0x0000000008009384       0x56 ./Drivers/STM32G4xx_HAL_Driver/Src/stm32g4xx_hal_uart.o
 .text.UART_RxISR_8BIT
                0x00000000080093da      0x160 ./Drivers/STM32G4xx_HAL_Driver/Src/stm32g4xx_hal_uart.o
 .text.UART_RxISR_16BIT
                0x000000000800953a      0x160 ./Drivers/STM32G4xx_HAL_Driver/Src/stm32g4xx_hal_uart.o
 *fill*         0x000000000800969a        0x2 
 .text.UART_RxISR_8BIT_FIFOEN
                0x000000000800969c      0x2f8 ./Drivers/STM32G4xx_HAL_Driver/Src/stm32g4xx_hal_uart.o
 .text.UART_RxISR_16BIT_FIFOEN
                0x0000000008009994      0x300 ./Drivers/STM32G4xx_HAL_Driver/Src/stm32g4xx_hal_uart.o
 .text.HAL_UARTEx_WakeupCallback
                0x0000000008009c94       0x14 ./Drivers/STM32G4xx_HAL_Driver/Src/stm32g4xx_hal_uart_ex.o
                0x0000000008009c94                HAL_UARTEx_WakeupCallback
 .text.HAL_UARTEx_RxFifoFullCallback
                0x0000000008009ca8       0x14 ./Drivers/STM32G4xx_HAL_Driver/Src/stm32g4xx_hal_uart_ex.o
                0x0000000008009ca8                HAL_UARTEx_RxFifoFullCallback
 .text.HAL_UARTEx_TxFifoEmptyCallback
                0x0000000008009cbc       0x14 ./Drivers/STM32G4xx_HAL_Driver/Src/stm32g4xx_hal_uart_ex.o
                0x0000000008009cbc                HAL_UARTEx_TxFifoEmptyCallback
 .text.HAL_UARTEx_DisableFifoMode
                0x0000000008009cd0       0x72 ./Drivers/STM32G4xx_HAL_Driver/Src/stm32g4xx_hal_uart_ex.o
                0x0000000008009cd0                HAL_UARTEx_DisableFifoMode
 .text.HAL_UARTEx_SetTxFifoThreshold
                0x0000000008009d42       0x7c ./Drivers/STM32G4xx_HAL_Driver/Src/stm32g4xx_hal_uart_ex.o
                0x0000000008009d42                HAL_UARTEx_SetTxFifoThreshold
 .text.HAL_UARTEx_SetRxFifoThreshold
                0x0000000008009dbe       0x7c ./Drivers/STM32G4xx_HAL_Driver/Src/stm32g4xx_hal_uart_ex.o
                0x0000000008009dbe                HAL_UARTEx_SetRxFifoThreshold
 *fill*         0x0000000008009e3a        0x2 
 .text.UARTEx_SetNbDataToProcess
                0x0000000008009e3c       0x9c ./Drivers/STM32G4xx_HAL_Driver/Src/stm32g4xx_hal_uart_ex.o
 .text.atoi     0x0000000008009ed8        0x8 C:/ST/STM32CubeIDE_1.13.1/STM32CubeIDE/plugins/com.st.stm32cube.ide.mcu.externaltools.gnu-tools-for-stm32.11.3.rel1.win32_1.1.0.202305231506/tools/bin/../lib/gcc/arm-none-eabi/11.3.1/../../../../arm-none-eabi/lib/thumb/v7e-m+fp/hard\libc_nano.a(libc_a-atoi.o)
                0x0000000008009ed8                atoi
 .text._strtol_l.constprop.0
                0x0000000008009ee0      0x104 C:/ST/STM32CubeIDE_1.13.1/STM32CubeIDE/plugins/com.st.stm32cube.ide.mcu.externaltools.gnu-tools-for-stm32.11.3.rel1.win32_1.1.0.202305231506/tools/bin/../lib/gcc/arm-none-eabi/11.3.1/../../../../arm-none-eabi/lib/thumb/v7e-m+fp/hard\libc_nano.a(libc_a-strtol.o)
 .text.strtol   0x0000000008009fe4       0x14 C:/ST/STM32CubeIDE_1.13.1/STM32CubeIDE/plugins/com.st.stm32cube.ide.mcu.externaltools.gnu-tools-for-stm32.11.3.rel1.win32_1.1.0.202305231506/tools/bin/../lib/gcc/arm-none-eabi/11.3.1/../../../../arm-none-eabi/lib/thumb/v7e-m+fp/hard\libc_nano.a(libc_a-strtol.o)
                0x0000000008009fe4                strtol
 .text.__cvt    0x0000000008009ff8       0xc4 C:/ST/STM32CubeIDE_1.13.1/STM32CubeIDE/plugins/com.st.stm32cube.ide.mcu.externaltools.gnu-tools-for-stm32.11.3.rel1.win32_1.1.0.202305231506/tools/bin/../lib/gcc/arm-none-eabi/11.3.1/../../../../arm-none-eabi/lib/thumb/v7e-m+fp/hard\libc_nano.a(libc_a-nano-vfprintf_float.o)
                0x0000000008009ff8                __cvt
 .text.__exponent
                0x000000000800a0bc       0x7c C:/ST/STM32CubeIDE_1.13.1/STM32CubeIDE/plugins/com.st.stm32cube.ide.mcu.externaltools.gnu-tools-for-stm32.11.3.rel1.win32_1.1.0.202305231506/tools/bin/../lib/gcc/arm-none-eabi/11.3.1/../../../../arm-none-eabi/lib/thumb/v7e-m+fp/hard\libc_nano.a(libc_a-nano-vfprintf_float.o)
                0x000000000800a0bc                __exponent
 .text._printf_float
                0x000000000800a138      0x46c C:/ST/STM32CubeIDE_1.13.1/STM32CubeIDE/plugins/com.st.stm32cube.ide.mcu.externaltools.gnu-tools-for-stm32.11.3.rel1.win32_1.1.0.202305231506/tools/bin/../lib/gcc/arm-none-eabi/11.3.1/../../../../arm-none-eabi/lib/thumb/v7e-m+fp/hard\libc_nano.a(libc_a-nano-vfprintf_float.o)
                0x000000000800a138                _printf_float
 .text._printf_common
                0x000000000800a5a4       0xda C:/ST/STM32CubeIDE_1.13.1/STM32CubeIDE/plugins/com.st.stm32cube.ide.mcu.externaltools.gnu-tools-for-stm32.11.3.rel1.win32_1.1.0.202305231506/tools/bin/../lib/gcc/arm-none-eabi/11.3.1/../../../../arm-none-eabi/lib/thumb/v7e-m+fp/hard\libc_nano.a(libc_a-nano-vfprintf_i.o)
                0x000000000800a5a4                _printf_common
 *fill*         0x000000000800a67e        0x2 
 .text._printf_i
                0x000000000800a680      0x244 C:/ST/STM32CubeIDE_1.13.1/STM32CubeIDE/plugins/com.st.stm32cube.ide.mcu.externaltools.gnu-tools-for-stm32.11.3.rel1.win32_1.1.0.202305231506/tools/bin/../lib/gcc/arm-none-eabi/11.3.1/../../../../arm-none-eabi/lib/thumb/v7e-m+fp/hard\libc_nano.a(libc_a-nano-vfprintf_i.o)
                0x000000000800a680                _printf_i
 .text.std      0x000000000800a8c4       0x48 C:/ST/STM32CubeIDE_1.13.1/STM32CubeIDE/plugins/com.st.stm32cube.ide.mcu.externaltools.gnu-tools-for-stm32.11.3.rel1.win32_1.1.0.202305231506/tools/bin/../lib/gcc/arm-none-eabi/11.3.1/../../../../arm-none-eabi/lib/thumb/v7e-m+fp/hard\libc_nano.a(libc_a-findfp.o)
 .text.stdio_exit_handler
                0x000000000800a90c       0x18 C:/ST/STM32CubeIDE_1.13.1/STM32CubeIDE/plugins/com.st.stm32cube.ide.mcu.externaltools.gnu-tools-for-stm32.11.3.rel1.win32_1.1.0.202305231506/tools/bin/../lib/gcc/arm-none-eabi/11.3.1/../../../../arm-none-eabi/lib/thumb/v7e-m+fp/hard\libc_nano.a(libc_a-findfp.o)
 .text.cleanup_stdio
                0x000000000800a924       0x40 C:/ST/STM32CubeIDE_1.13.1/STM32CubeIDE/plugins/com.st.stm32cube.ide.mcu.externaltools.gnu-tools-for-stm32.11.3.rel1.win32_1.1.0.202305231506/tools/bin/../lib/gcc/arm-none-eabi/11.3.1/../../../../arm-none-eabi/lib/thumb/v7e-m+fp/hard\libc_nano.a(libc_a-findfp.o)
 .text.global_stdio_init.part.0
                0x000000000800a964       0x3c C:/ST/STM32CubeIDE_1.13.1/STM32CubeIDE/plugins/com.st.stm32cube.ide.mcu.externaltools.gnu-tools-for-stm32.11.3.rel1.win32_1.1.0.202305231506/tools/bin/../lib/gcc/arm-none-eabi/11.3.1/../../../../arm-none-eabi/lib/thumb/v7e-m+fp/hard\libc_nano.a(libc_a-findfp.o)
 .text.__sfp_lock_acquire
                0x000000000800a9a0        0xc C:/ST/STM32CubeIDE_1.13.1/STM32CubeIDE/plugins/com.st.stm32cube.ide.mcu.externaltools.gnu-tools-for-stm32.11.3.rel1.win32_1.1.0.202305231506/tools/bin/../lib/gcc/arm-none-eabi/11.3.1/../../../../arm-none-eabi/lib/thumb/v7e-m+fp/hard\libc_nano.a(libc_a-findfp.o)
                0x000000000800a9a0                __sfp_lock_acquire
 .text.__sfp_lock_release
                0x000000000800a9ac        0xc C:/ST/STM32CubeIDE_1.13.1/STM32CubeIDE/plugins/com.st.stm32cube.ide.mcu.externaltools.gnu-tools-for-stm32.11.3.rel1.win32_1.1.0.202305231506/tools/bin/../lib/gcc/arm-none-eabi/11.3.1/../../../../arm-none-eabi/lib/thumb/v7e-m+fp/hard\libc_nano.a(libc_a-findfp.o)
                0x000000000800a9ac                __sfp_lock_release
 .text.__sinit  0x000000000800a9b8       0x30 C:/ST/STM32CubeIDE_1.13.1/STM32CubeIDE/plugins/com.st.stm32cube.ide.mcu.externaltools.gnu-tools-for-stm32.11.3.rel1.win32_1.1.0.202305231506/tools/bin/../lib/gcc/arm-none-eabi/11.3.1/../../../../arm-none-eabi/lib/thumb/v7e-m+fp/hard\libc_nano.a(libc_a-findfp.o)
                0x000000000800a9b8                __sinit
 .text._fwalk_sglue
                0x000000000800a9e8       0x3c C:/ST/STM32CubeIDE_1.13.1/STM32CubeIDE/plugins/com.st.stm32cube.ide.mcu.externaltools.gnu-tools-for-stm32.11.3.rel1.win32_1.1.0.202305231506/tools/bin/../lib/gcc/arm-none-eabi/11.3.1/../../../../arm-none-eabi/lib/thumb/v7e-m+fp/hard\libc_nano.a(libc_a-fwalk.o)
                0x000000000800a9e8                _fwalk_sglue
 .text.snprintf
                0x000000000800aa24       0x68 C:/ST/STM32CubeIDE_1.13.1/STM32CubeIDE/plugins/com.st.stm32cube.ide.mcu.externaltools.gnu-tools-for-stm32.11.3.rel1.win32_1.1.0.202305231506/tools/bin/../lib/gcc/arm-none-eabi/11.3.1/../../../../arm-none-eabi/lib/thumb/v7e-m+fp/hard\libc_nano.a(libc_a-snprintf.o)
                0x000000000800aa24                sniprintf
                0x000000000800aa24                snprintf
 .text.sprintf  0x000000000800aa8c       0x40 C:/ST/STM32CubeIDE_1.13.1/STM32CubeIDE/plugins/com.st.stm32cube.ide.mcu.externaltools.gnu-tools-for-stm32.11.3.rel1.win32_1.1.0.202305231506/tools/bin/../lib/gcc/arm-none-eabi/11.3.1/../../../../arm-none-eabi/lib/thumb/v7e-m+fp/hard\libc_nano.a(libc_a-sprintf.o)
                0x000000000800aa8c                siprintf
                0x000000000800aa8c                sprintf
 .text.__sread  0x000000000800aacc       0x22 C:/ST/STM32CubeIDE_1.13.1/STM32CubeIDE/plugins/com.st.stm32cube.ide.mcu.externaltools.gnu-tools-for-stm32.11.3.rel1.win32_1.1.0.202305231506/tools/bin/../lib/gcc/arm-none-eabi/11.3.1/../../../../arm-none-eabi/lib/thumb/v7e-m+fp/hard\libc_nano.a(libc_a-stdio.o)
                0x000000000800aacc                __sread
 .text.__swrite
                0x000000000800aaee       0x38 C:/ST/STM32CubeIDE_1.13.1/STM32CubeIDE/plugins/com.st.stm32cube.ide.mcu.externaltools.gnu-tools-for-stm32.11.3.rel1.win32_1.1.0.202305231506/tools/bin/../lib/gcc/arm-none-eabi/11.3.1/../../../../arm-none-eabi/lib/thumb/v7e-m+fp/hard\libc_nano.a(libc_a-stdio.o)
                0x000000000800aaee                __swrite
 .text.__sseek  0x000000000800ab26       0x24 C:/ST/STM32CubeIDE_1.13.1/STM32CubeIDE/plugins/com.st.stm32cube.ide.mcu.externaltools.gnu-tools-for-stm32.11.3.rel1.win32_1.1.0.202305231506/tools/bin/../lib/gcc/arm-none-eabi/11.3.1/../../../../arm-none-eabi/lib/thumb/v7e-m+fp/hard\libc_nano.a(libc_a-stdio.o)
                0x000000000800ab26                __sseek
 .text.__sclose
                0x000000000800ab4a        0x8 C:/ST/STM32CubeIDE_1.13.1/STM32CubeIDE/plugins/com.st.stm32cube.ide.mcu.externaltools.gnu-tools-for-stm32.11.3.rel1.win32_1.1.0.202305231506/tools/bin/../lib/gcc/arm-none-eabi/11.3.1/../../../../arm-none-eabi/lib/thumb/v7e-m+fp/hard\libc_nano.a(libc_a-stdio.o)
                0x000000000800ab4a                __sclose
 .text.memset   0x000000000800ab52       0x10 C:/ST/STM32CubeIDE_1.13.1/STM32CubeIDE/plugins/com.st.stm32cube.ide.mcu.externaltools.gnu-tools-for-stm32.11.3.rel1.win32_1.1.0.202305231506/tools/bin/../lib/gcc/arm-none-eabi/11.3.1/../../../../arm-none-eabi/lib/thumb/v7e-m+fp/hard\libc_nano.a(libc_a-memset.o)
                0x000000000800ab52                memset
 *fill*         0x000000000800ab62        0x2 
 .text.strtok   0x000000000800ab64       0x68 C:/ST/STM32CubeIDE_1.13.1/STM32CubeIDE/plugins/com.st.stm32cube.ide.mcu.externaltools.gnu-tools-for-stm32.11.3.rel1.win32_1.1.0.202305231506/tools/bin/../lib/gcc/arm-none-eabi/11.3.1/../../../../arm-none-eabi/lib/thumb/v7e-m+fp/hard\libc_nano.a(libc_a-strtok.o)
                0x000000000800ab64                strtok
 .text.__strtok_r
                0x000000000800abcc       0x50 C:/ST/STM32CubeIDE_1.13.1/STM32CubeIDE/plugins/com.st.stm32cube.ide.mcu.externaltools.gnu-tools-for-stm32.11.3.rel1.win32_1.1.0.202305231506/tools/bin/../lib/gcc/arm-none-eabi/11.3.1/../../../../arm-none-eabi/lib/thumb/v7e-m+fp/hard\libc_nano.a(libc_a-strtok_r.o)
                0x000000000800abcc                __strtok_r
 .text._localeconv_r
                0x000000000800ac1c        0x8 C:/ST/STM32CubeIDE_1.13.1/STM32CubeIDE/plugins/com.st.stm32cube.ide.mcu.externaltools.gnu-tools-for-stm32.11.3.rel1.win32_1.1.0.202305231506/tools/bin/../lib/gcc/arm-none-eabi/11.3.1/../../../../arm-none-eabi/lib/thumb/v7e-m+fp/hard\libc_nano.a(libc_a-localeconv.o)
                0x000000000800ac1c                _localeconv_r
 .text._close_r
                0x000000000800ac24       0x20 C:/ST/STM32CubeIDE_1.13.1/STM32CubeIDE/plugins/com.st.stm32cube.ide.mcu.externaltools.gnu-tools-for-stm32.11.3.rel1.win32_1.1.0.202305231506/tools/bin/../lib/gcc/arm-none-eabi/11.3.1/../../../../arm-none-eabi/lib/thumb/v7e-m+fp/hard\libc_nano.a(libc_a-closer.o)
                0x000000000800ac24                _close_r
 .text._lseek_r
                0x000000000800ac44       0x24 C:/ST/STM32CubeIDE_1.13.1/STM32CubeIDE/plugins/com.st.stm32cube.ide.mcu.externaltools.gnu-tools-for-stm32.11.3.rel1.win32_1.1.0.202305231506/tools/bin/../lib/gcc/arm-none-eabi/11.3.1/../../../../arm-none-eabi/lib/thumb/v7e-m+fp/hard\libc_nano.a(libc_a-lseekr.o)
                0x000000000800ac44                _lseek_r
 .text._read_r  0x000000000800ac68       0x24 C:/ST/STM32CubeIDE_1.13.1/STM32CubeIDE/plugins/com.st.stm32cube.ide.mcu.externaltools.gnu-tools-for-stm32.11.3.rel1.win32_1.1.0.202305231506/tools/bin/../lib/gcc/arm-none-eabi/11.3.1/../../../../arm-none-eabi/lib/thumb/v7e-m+fp/hard\libc_nano.a(libc_a-readr.o)
                0x000000000800ac68                _read_r
 .text._write_r
                0x000000000800ac8c       0x24 C:/ST/STM32CubeIDE_1.13.1/STM32CubeIDE/plugins/com.st.stm32cube.ide.mcu.externaltools.gnu-tools-for-stm32.11.3.rel1.win32_1.1.0.202305231506/tools/bin/../lib/gcc/arm-none-eabi/11.3.1/../../../../arm-none-eabi/lib/thumb/v7e-m+fp/hard\libc_nano.a(libc_a-writer.o)
                0x000000000800ac8c                _write_r
 .text.__errno  0x000000000800acb0        0xc C:/ST/STM32CubeIDE_1.13.1/STM32CubeIDE/plugins/com.st.stm32cube.ide.mcu.externaltools.gnu-tools-for-stm32.11.3.rel1.win32_1.1.0.202305231506/tools/bin/../lib/gcc/arm-none-eabi/11.3.1/../../../../arm-none-eabi/lib/thumb/v7e-m+fp/hard\libc_nano.a(libc_a-errno.o)
                0x000000000800acb0                __errno
 .text.__libc_init_array
                0x000000000800acbc       0x48 C:/ST/STM32CubeIDE_1.13.1/STM32CubeIDE/plugins/com.st.stm32cube.ide.mcu.externaltools.gnu-tools-for-stm32.11.3.rel1.win32_1.1.0.202305231506/tools/bin/../lib/gcc/arm-none-eabi/11.3.1/../../../../arm-none-eabi/lib/thumb/v7e-m+fp/hard\libc_nano.a(libc_a-init.o)
                0x000000000800acbc                __libc_init_array
 .text.__retarget_lock_acquire_recursive
                0x000000000800ad04        0x2 C:/ST/STM32CubeIDE_1.13.1/STM32CubeIDE/plugins/com.st.stm32cube.ide.mcu.externaltools.gnu-tools-for-stm32.11.3.rel1.win32_1.1.0.202305231506/tools/bin/../lib/gcc/arm-none-eabi/11.3.1/../../../../arm-none-eabi/lib/thumb/v7e-m+fp/hard\libc_nano.a(libc_a-lock.o)
                0x000000000800ad04                __retarget_lock_acquire_recursive
 .text.__retarget_lock_release_recursive
                0x000000000800ad06        0x2 C:/ST/STM32CubeIDE_1.13.1/STM32CubeIDE/plugins/com.st.stm32cube.ide.mcu.externaltools.gnu-tools-for-stm32.11.3.rel1.win32_1.1.0.202305231506/tools/bin/../lib/gcc/arm-none-eabi/11.3.1/../../../../arm-none-eabi/lib/thumb/v7e-m+fp/hard\libc_nano.a(libc_a-lock.o)
                0x000000000800ad06                __retarget_lock_release_recursive
 .text.__assert_func
                0x000000000800ad08       0x3c C:/ST/STM32CubeIDE_1.13.1/STM32CubeIDE/plugins/com.st.stm32cube.ide.mcu.externaltools.gnu-tools-for-stm32.11.3.rel1.win32_1.1.0.202305231506/tools/bin/../lib/gcc/arm-none-eabi/11.3.1/../../../../arm-none-eabi/lib/thumb/v7e-m+fp/hard\libc_nano.a(libc_a-assert.o)
                0x000000000800ad08                __assert_func
 .text.quorem   0x000000000800ad44      0x110 C:/ST/STM32CubeIDE_1.13.1/STM32CubeIDE/plugins/com.st.stm32cube.ide.mcu.externaltools.gnu-tools-for-stm32.11.3.rel1.win32_1.1.0.202305231506/tools/bin/../lib/gcc/arm-none-eabi/11.3.1/../../../../arm-none-eabi/lib/thumb/v7e-m+fp/hard\libc_nano.a(libc_a-dtoa.o)
 *fill*         0x000000000800ae54        0x4 
 .text._dtoa_r  0x000000000800ae58      0xbe4 C:/ST/STM32CubeIDE_1.13.1/STM32CubeIDE/plugins/com.st.stm32cube.ide.mcu.externaltools.gnu-tools-for-stm32.11.3.rel1.win32_1.1.0.202305231506/tools/bin/../lib/gcc/arm-none-eabi/11.3.1/../../../../arm-none-eabi/lib/thumb/v7e-m+fp/hard\libc_nano.a(libc_a-dtoa.o)
                0x000000000800ae58                _dtoa_r
 .text._free_r  0x000000000800ba3c       0x98 C:/ST/STM32CubeIDE_1.13.1/STM32CubeIDE/plugins/com.st.stm32cube.ide.mcu.externaltools.gnu-tools-for-stm32.11.3.rel1.win32_1.1.0.202305231506/tools/bin/../lib/gcc/arm-none-eabi/11.3.1/../../../../arm-none-eabi/lib/thumb/v7e-m+fp/hard\libc_nano.a(libc_a-freer.o)
                0x000000000800ba3c                _free_r
 .text.malloc   0x000000000800bad4       0x10 C:/ST/STM32CubeIDE_1.13.1/STM32CubeIDE/plugins/com.st.stm32cube.ide.mcu.externaltools.gnu-tools-for-stm32.11.3.rel1.win32_1.1.0.202305231506/tools/bin/../lib/gcc/arm-none-eabi/11.3.1/../../../../arm-none-eabi/lib/thumb/v7e-m+fp/hard\libc_nano.a(libc_a-malloc.o)
                0x000000000800bad4                malloc
 .text.sbrk_aligned
                0x000000000800bae4       0x40 C:/ST/STM32CubeIDE_1.13.1/STM32CubeIDE/plugins/com.st.stm32cube.ide.mcu.externaltools.gnu-tools-for-stm32.11.3.rel1.win32_1.1.0.202305231506/tools/bin/../lib/gcc/arm-none-eabi/11.3.1/../../../../arm-none-eabi/lib/thumb/v7e-m+fp/hard\libc_nano.a(libc_a-mallocr.o)
 .text._malloc_r
                0x000000000800bb24      0x100 C:/ST/STM32CubeIDE_1.13.1/STM32CubeIDE/plugins/com.st.stm32cube.ide.mcu.externaltools.gnu-tools-for-stm32.11.3.rel1.win32_1.1.0.202305231506/tools/bin/../lib/gcc/arm-none-eabi/11.3.1/../../../../arm-none-eabi/lib/thumb/v7e-m+fp/hard\libc_nano.a(libc_a-mallocr.o)
                0x000000000800bb24                _malloc_r
 .text.__malloc_lock
                0x000000000800bc24        0xc C:/ST/STM32CubeIDE_1.13.1/STM32CubeIDE/plugins/com.st.stm32cube.ide.mcu.externaltools.gnu-tools-for-stm32.11.3.rel1.win32_1.1.0.202305231506/tools/bin/../lib/gcc/arm-none-eabi/11.3.1/../../../../arm-none-eabi/lib/thumb/v7e-m+fp/hard\libc_nano.a(libc_a-mlock.o)
                0x000000000800bc24                __malloc_lock
 .text.__malloc_unlock
                0x000000000800bc30        0xc C:/ST/STM32CubeIDE_1.13.1/STM32CubeIDE/plugins/com.st.stm32cube.ide.mcu.externaltools.gnu-tools-for-stm32.11.3.rel1.win32_1.1.0.202305231506/tools/bin/../lib/gcc/arm-none-eabi/11.3.1/../../../../arm-none-eabi/lib/thumb/v7e-m+fp/hard\libc_nano.a(libc_a-mlock.o)
                0x000000000800bc30                __malloc_unlock
 .text._Balloc  0x000000000800bc3c       0x80 C:/ST/STM32CubeIDE_1.13.1/STM32CubeIDE/plugins/com.st.stm32cube.ide.mcu.externaltools.gnu-tools-for-stm32.11.3.rel1.win32_1.1.0.202305231506/tools/bin/../lib/gcc/arm-none-eabi/11.3.1/../../../../arm-none-eabi/lib/thumb/v7e-m+fp/hard\libc_nano.a(libc_a-mprec.o)
                0x000000000800bc3c                _Balloc
 .text._Bfree   0x000000000800bcbc       0x44 C:/ST/STM32CubeIDE_1.13.1/STM32CubeIDE/plugins/com.st.stm32cube.ide.mcu.externaltools.gnu-tools-for-stm32.11.3.rel1.win32_1.1.0.202305231506/tools/bin/../lib/gcc/arm-none-eabi/11.3.1/../../../../arm-none-eabi/lib/thumb/v7e-m+fp/hard\libc_nano.a(libc_a-mprec.o)
                0x000000000800bcbc                _Bfree
 .text.__multadd
                0x000000000800bd00       0x8c C:/ST/STM32CubeIDE_1.13.1/STM32CubeIDE/plugins/com.st.stm32cube.ide.mcu.externaltools.gnu-tools-for-stm32.11.3.rel1.win32_1.1.0.202305231506/tools/bin/../lib/gcc/arm-none-eabi/11.3.1/../../../../arm-none-eabi/lib/thumb/v7e-m+fp/hard\libc_nano.a(libc_a-mprec.o)
                0x000000000800bd00                __multadd
 .text.__hi0bits
                0x000000000800bd8c       0x40 C:/ST/STM32CubeIDE_1.13.1/STM32CubeIDE/plugins/com.st.stm32cube.ide.mcu.externaltools.gnu-tools-for-stm32.11.3.rel1.win32_1.1.0.202305231506/tools/bin/../lib/gcc/arm-none-eabi/11.3.1/../../../../arm-none-eabi/lib/thumb/v7e-m+fp/hard\libc_nano.a(libc_a-mprec.o)
                0x000000000800bd8c                __hi0bits
 .text.__lo0bits
                0x000000000800bdcc       0x5a C:/ST/STM32CubeIDE_1.13.1/STM32CubeIDE/plugins/com.st.stm32cube.ide.mcu.externaltools.gnu-tools-for-stm32.11.3.rel1.win32_1.1.0.202305231506/tools/bin/../lib/gcc/arm-none-eabi/11.3.1/../../../../arm-none-eabi/lib/thumb/v7e-m+fp/hard\libc_nano.a(libc_a-mprec.o)
                0x000000000800bdcc                __lo0bits
 *fill*         0x000000000800be26        0x2 
 .text.__i2b    0x000000000800be28       0x2c C:/ST/STM32CubeIDE_1.13.1/STM32CubeIDE/plugins/com.st.stm32cube.ide.mcu.externaltools.gnu-tools-for-stm32.11.3.rel1.win32_1.1.0.202305231506/tools/bin/../lib/gcc/arm-none-eabi/11.3.1/../../../../arm-none-eabi/lib/thumb/v7e-m+fp/hard\libc_nano.a(libc_a-mprec.o)
                0x000000000800be28                __i2b
 .text.__multiply
                0x000000000800be54      0x154 C:/ST/STM32CubeIDE_1.13.1/STM32CubeIDE/plugins/com.st.stm32cube.ide.mcu.externaltools.gnu-tools-for-stm32.11.3.rel1.win32_1.1.0.202305231506/tools/bin/../lib/gcc/arm-none-eabi/11.3.1/../../../../arm-none-eabi/lib/thumb/v7e-m+fp/hard\libc_nano.a(libc_a-mprec.o)
                0x000000000800be54                __multiply
 .text.__pow5mult
                0x000000000800bfa8       0xb4 C:/ST/STM32CubeIDE_1.13.1/STM32CubeIDE/plugins/com.st.stm32cube.ide.mcu.externaltools.gnu-tools-for-stm32.11.3.rel1.win32_1.1.0.202305231506/tools/bin/../lib/gcc/arm-none-eabi/11.3.1/../../../../arm-none-eabi/lib/thumb/v7e-m+fp/hard\libc_nano.a(libc_a-mprec.o)
                0x000000000800bfa8                __pow5mult
 .text.__lshift
                0x000000000800c05c       0xd8 C:/ST/STM32CubeIDE_1.13.1/STM32CubeIDE/plugins/com.st.stm32cube.ide.mcu.externaltools.gnu-tools-for-stm32.11.3.rel1.win32_1.1.0.202305231506/tools/bin/../lib/gcc/arm-none-eabi/11.3.1/../../../../arm-none-eabi/lib/thumb/v7e-m+fp/hard\libc_nano.a(libc_a-mprec.o)
                0x000000000800c05c                __lshift
 .text.__mcmp   0x000000000800c134       0x38 C:/ST/STM32CubeIDE_1.13.1/STM32CubeIDE/plugins/com.st.stm32cube.ide.mcu.externaltools.gnu-tools-for-stm32.11.3.rel1.win32_1.1.0.202305231506/tools/bin/../lib/gcc/arm-none-eabi/11.3.1/../../../../arm-none-eabi/lib/thumb/v7e-m+fp/hard\libc_nano.a(libc_a-mprec.o)
                0x000000000800c134                __mcmp
 .text.__mdiff  0x000000000800c16c      0x114 C:/ST/STM32CubeIDE_1.13.1/STM32CubeIDE/plugins/com.st.stm32cube.ide.mcu.externaltools.gnu-tools-for-stm32.11.3.rel1.win32_1.1.0.202305231506/tools/bin/../lib/gcc/arm-none-eabi/11.3.1/../../../../arm-none-eabi/lib/thumb/v7e-m+fp/hard\libc_nano.a(libc_a-mprec.o)
                0x000000000800c16c                __mdiff
 .text.__d2b    0x000000000800c280       0xb4 C:/ST/STM32CubeIDE_1.13.1/STM32CubeIDE/plugins/com.st.stm32cube.ide.mcu.externaltools.gnu-tools-for-stm32.11.3.rel1.win32_1.1.0.202305231506/tools/bin/../lib/gcc/arm-none-eabi/11.3.1/../../../../arm-none-eabi/lib/thumb/v7e-m+fp/hard\libc_nano.a(libc_a-mprec.o)
                0x000000000800c280                __d2b
 .text.__ssputs_r
                0x000000000800c334       0xb4 C:/ST/STM32CubeIDE_1.13.1/STM32CubeIDE/plugins/com.st.stm32cube.ide.mcu.externaltools.gnu-tools-for-stm32.11.3.rel1.win32_1.1.0.202305231506/tools/bin/../lib/gcc/arm-none-eabi/11.3.1/../../../../arm-none-eabi/lib/thumb/v7e-m+fp/hard\libc_nano.a(libc_a-nano-svfprintf.o)
                0x000000000800c334                __ssputs_r
 .text._svfprintf_r
                0x000000000800c3e8      0x1fc C:/ST/STM32CubeIDE_1.13.1/STM32CubeIDE/plugins/com.st.stm32cube.ide.mcu.externaltools.gnu-tools-for-stm32.11.3.rel1.win32_1.1.0.202305231506/tools/bin/../lib/gcc/arm-none-eabi/11.3.1/../../../../arm-none-eabi/lib/thumb/v7e-m+fp/hard\libc_nano.a(libc_a-nano-svfprintf.o)
                0x000000000800c3e8                _svfiprintf_r
                0x000000000800c3e8                _svfprintf_r
 .text.__sflush_r
                0x000000000800c5e4      0x10c C:/ST/STM32CubeIDE_1.13.1/STM32CubeIDE/plugins/com.st.stm32cube.ide.mcu.externaltools.gnu-tools-for-stm32.11.3.rel1.win32_1.1.0.202305231506/tools/bin/../lib/gcc/arm-none-eabi/11.3.1/../../../../arm-none-eabi/lib/thumb/v7e-m+fp/hard\libc_nano.a(libc_a-fflush.o)
                0x000000000800c5e4                __sflush_r
 .text._fflush_r
                0x000000000800c6f0       0x50 C:/ST/STM32CubeIDE_1.13.1/STM32CubeIDE/plugins/com.st.stm32cube.ide.mcu.externaltools.gnu-tools-for-stm32.11.3.rel1.win32_1.1.0.202305231506/tools/bin/../lib/gcc/arm-none-eabi/11.3.1/../../../../arm-none-eabi/lib/thumb/v7e-m+fp/hard\libc_nano.a(libc_a-fflush.o)
                0x000000000800c6f0                _fflush_r
 .text.fprintf  0x000000000800c740       0x24 C:/ST/STM32CubeIDE_1.13.1/STM32CubeIDE/plugins/com.st.stm32cube.ide.mcu.externaltools.gnu-tools-for-stm32.11.3.rel1.win32_1.1.0.202305231506/tools/bin/../lib/gcc/arm-none-eabi/11.3.1/../../../../arm-none-eabi/lib/thumb/v7e-m+fp/hard\libc_nano.a(libc_a-fprintf.o)
                0x000000000800c740                fiprintf
                0x000000000800c740                fprintf
 .text.memmove  0x000000000800c764       0x34 C:/ST/STM32CubeIDE_1.13.1/STM32CubeIDE/plugins/com.st.stm32cube.ide.mcu.externaltools.gnu-tools-for-stm32.11.3.rel1.win32_1.1.0.202305231506/tools/bin/../lib/gcc/arm-none-eabi/11.3.1/../../../../arm-none-eabi/lib/thumb/v7e-m+fp/hard\libc_nano.a(libc_a-memmove.o)
                0x000000000800c764                memmove
 .text._sbrk_r  0x000000000800c798       0x20 C:/ST/STM32CubeIDE_1.13.1/STM32CubeIDE/plugins/com.st.stm32cube.ide.mcu.externaltools.gnu-tools-for-stm32.11.3.rel1.win32_1.1.0.202305231506/tools/bin/../lib/gcc/arm-none-eabi/11.3.1/../../../../arm-none-eabi/lib/thumb/v7e-m+fp/hard\libc_nano.a(libc_a-sbrkr.o)
                0x000000000800c798                _sbrk_r
 .text.memcpy   0x000000000800c7b8       0x1c C:/ST/STM32CubeIDE_1.13.1/STM32CubeIDE/plugins/com.st.stm32cube.ide.mcu.externaltools.gnu-tools-for-stm32.11.3.rel1.win32_1.1.0.202305231506/tools/bin/../lib/gcc/arm-none-eabi/11.3.1/../../../../arm-none-eabi/lib/thumb/v7e-m+fp/hard\libc_nano.a(libc_a-memcpy-stub.o)
                0x000000000800c7b8                memcpy
 .text.abort    0x000000000800c7d4        0xe C:/ST/STM32CubeIDE_1.13.1/STM32CubeIDE/plugins/com.st.stm32cube.ide.mcu.externaltools.gnu-tools-for-stm32.11.3.rel1.win32_1.1.0.202305231506/tools/bin/../lib/gcc/arm-none-eabi/11.3.1/../../../../arm-none-eabi/lib/thumb/v7e-m+fp/hard\libc_nano.a(libc_a-abort.o)
                0x000000000800c7d4                abort
 .text._calloc_r
                0x000000000800c7e2       0x2c C:/ST/STM32CubeIDE_1.13.1/STM32CubeIDE/plugins/com.st.stm32cube.ide.mcu.externaltools.gnu-tools-for-stm32.11.3.rel1.win32_1.1.0.202305231506/tools/bin/../lib/gcc/arm-none-eabi/11.3.1/../../../../arm-none-eabi/lib/thumb/v7e-m+fp/hard\libc_nano.a(libc_a-callocr.o)
                0x000000000800c7e2                _calloc_r
 .text.__ascii_mbtowc
                0x000000000800c80e       0x24 C:/ST/STM32CubeIDE_1.13.1/STM32CubeIDE/plugins/com.st.stm32cube.ide.mcu.externaltools.gnu-tools-for-stm32.11.3.rel1.win32_1.1.0.202305231506/tools/bin/../lib/gcc/arm-none-eabi/11.3.1/../../../../arm-none-eabi/lib/thumb/v7e-m+fp/hard\libc_nano.a(libc_a-mbtowc_r.o)
                0x000000000800c80e                __ascii_mbtowc
 .text._realloc_r
                0x000000000800c832       0x5e C:/ST/STM32CubeIDE_1.13.1/STM32CubeIDE/plugins/com.st.stm32cube.ide.mcu.externaltools.gnu-tools-for-stm32.11.3.rel1.win32_1.1.0.202305231506/tools/bin/../lib/gcc/arm-none-eabi/11.3.1/../../../../arm-none-eabi/lib/thumb/v7e-m+fp/hard\libc_nano.a(libc_a-reallocr.o)
                0x000000000800c832                _realloc_r
 .text.__ascii_wctomb
                0x000000000800c890       0x1a C:/ST/STM32CubeIDE_1.13.1/STM32CubeIDE/plugins/com.st.stm32cube.ide.mcu.externaltools.gnu-tools-for-stm32.11.3.rel1.win32_1.1.0.202305231506/tools/bin/../lib/gcc/arm-none-eabi/11.3.1/../../../../arm-none-eabi/lib/thumb/v7e-m+fp/hard\libc_nano.a(libc_a-wctomb_r.o)
                0x000000000800c890                __ascii_wctomb
 .text.__sfputc_r
                0x000000000800c8aa       0x2e C:/ST/STM32CubeIDE_1.13.1/STM32CubeIDE/plugins/com.st.stm32cube.ide.mcu.externaltools.gnu-tools-for-stm32.11.3.rel1.win32_1.1.0.202305231506/tools/bin/../lib/gcc/arm-none-eabi/11.3.1/../../../../arm-none-eabi/lib/thumb/v7e-m+fp/hard\libc_nano.a(libc_a-nano-vfprintf.o)
 .text.__sfputs_r
                0x000000000800c8d8       0x24 C:/ST/STM32CubeIDE_1.13.1/STM32CubeIDE/plugins/com.st.stm32cube.ide.mcu.externaltools.gnu-tools-for-stm32.11.3.rel1.win32_1.1.0.202305231506/tools/bin/../lib/gcc/arm-none-eabi/11.3.1/../../../../arm-none-eabi/lib/thumb/v7e-m+fp/hard\libc_nano.a(libc_a-nano-vfprintf.o)
                0x000000000800c8d8                __sfputs_r
 .text._vfprintf_r
                0x000000000800c8fc      0x234 C:/ST/STM32CubeIDE_1.13.1/STM32CubeIDE/plugins/com.st.stm32cube.ide.mcu.externaltools.gnu-tools-for-stm32.11.3.rel1.win32_1.1.0.202305231506/tools/bin/../lib/gcc/arm-none-eabi/11.3.1/../../../../arm-none-eabi/lib/thumb/v7e-m+fp/hard\libc_nano.a(libc_a-nano-vfprintf.o)
                0x000000000800c8fc                _vfprintf_r
                0x000000000800c8fc                _vfiprintf_r
 .text.__swbuf_r
                0x000000000800cb30       0x7a C:/ST/STM32CubeIDE_1.13.1/STM32CubeIDE/plugins/com.st.stm32cube.ide.mcu.externaltools.gnu-tools-for-stm32.11.3.rel1.win32_1.1.0.202305231506/tools/bin/../lib/gcc/arm-none-eabi/11.3.1/../../../../arm-none-eabi/lib/thumb/v7e-m+fp/hard\libc_nano.a(libc_a-wbuf.o)
                0x000000000800cb30                __swbuf_r
 *fill*         0x000000000800cbaa        0x2 
 .text.__swsetup_r
                0x000000000800cbac       0xb0 C:/ST/STM32CubeIDE_1.13.1/STM32CubeIDE/plugins/com.st.stm32cube.ide.mcu.externaltools.gnu-tools-for-stm32.11.3.rel1.win32_1.1.0.202305231506/tools/bin/../lib/gcc/arm-none-eabi/11.3.1/../../../../arm-none-eabi/lib/thumb/v7e-m+fp/hard\libc_nano.a(libc_a-wsetup.o)
                0x000000000800cbac                __swsetup_r
 .text._raise_r
                0x000000000800cc5c       0x50 C:/ST/STM32CubeIDE_1.13.1/STM32CubeIDE/plugins/com.st.stm32cube.ide.mcu.externaltools.gnu-tools-for-stm32.11.3.rel1.win32_1.1.0.202305231506/tools/bin/../lib/gcc/arm-none-eabi/11.3.1/../../../../arm-none-eabi/lib/thumb/v7e-m+fp/hard\libc_nano.a(libc_a-signal.o)
                0x000000000800cc5c                _raise_r
 .text.raise    0x000000000800ccac       0x10 C:/ST/STM32CubeIDE_1.13.1/STM32CubeIDE/plugins/com.st.stm32cube.ide.mcu.externaltools.gnu-tools-for-stm32.11.3.rel1.win32_1.1.0.202305231506/tools/bin/../lib/gcc/arm-none-eabi/11.3.1/../../../../arm-none-eabi/lib/thumb/v7e-m+fp/hard\libc_nano.a(libc_a-signal.o)
                0x000000000800ccac                raise
 .text._kill_r  0x000000000800ccbc       0x24 C:/ST/STM32CubeIDE_1.13.1/STM32CubeIDE/plugins/com.st.stm32cube.ide.mcu.externaltools.gnu-tools-for-stm32.11.3.rel1.win32_1.1.0.202305231506/tools/bin/../lib/gcc/arm-none-eabi/11.3.1/../../../../arm-none-eabi/lib/thumb/v7e-m+fp/hard\libc_nano.a(libc_a-signalr.o)
                0x000000000800ccbc                _kill_r
 .text._getpid_r
                0x000000000800cce0        0x4 C:/ST/STM32CubeIDE_1.13.1/STM32CubeIDE/plugins/com.st.stm32cube.ide.mcu.externaltools.gnu-tools-for-stm32.11.3.rel1.win32_1.1.0.202305231506/tools/bin/../lib/gcc/arm-none-eabi/11.3.1/../../../../arm-none-eabi/lib/thumb/v7e-m+fp/hard\libc_nano.a(libc_a-signalr.o)
                0x000000000800cce0                _getpid_r
 .text._malloc_usable_size_r
                0x000000000800cce4       0x10 C:/ST/STM32CubeIDE_1.13.1/STM32CubeIDE/plugins/com.st.stm32cube.ide.mcu.externaltools.gnu-tools-for-stm32.11.3.rel1.win32_1.1.0.202305231506/tools/bin/../lib/gcc/arm-none-eabi/11.3.1/../../../../arm-none-eabi/lib/thumb/v7e-m+fp/hard\libc_nano.a(libc_a-msizer.o)
                0x000000000800cce4                _malloc_usable_size_r
 .text.__swhatbuf_r
                0x000000000800ccf4       0x4c C:/ST/STM32CubeIDE_1.13.1/STM32CubeIDE/plugins/com.st.stm32cube.ide.mcu.externaltools.gnu-tools-for-stm32.11.3.rel1.win32_1.1.0.202305231506/tools/bin/../lib/gcc/arm-none-eabi/11.3.1/../../../../arm-none-eabi/lib/thumb/v7e-m+fp/hard\libc_nano.a(libc_a-makebuf.o)
                0x000000000800ccf4                __swhatbuf_r
 .text.__smakebuf_r
                0x000000000800cd40       0x78 C:/ST/STM32CubeIDE_1.13.1/STM32CubeIDE/plugins/com.st.stm32cube.ide.mcu.externaltools.gnu-tools-for-stm32.11.3.rel1.win32_1.1.0.202305231506/tools/bin/../lib/gcc/arm-none-eabi/11.3.1/../../../../arm-none-eabi/lib/thumb/v7e-m+fp/hard\libc_nano.a(libc_a-makebuf.o)
                0x000000000800cd40                __smakebuf_r
 .text._fstat_r
                0x000000000800cdb8       0x24 C:/ST/STM32CubeIDE_1.13.1/STM32CubeIDE/plugins/com.st.stm32cube.ide.mcu.externaltools.gnu-tools-for-stm32.11.3.rel1.win32_1.1.0.202305231506/tools/bin/../lib/gcc/arm-none-eabi/11.3.1/../../../../arm-none-eabi/lib/thumb/v7e-m+fp/hard\libc_nano.a(libc_a-fstatr.o)
                0x000000000800cdb8                _fstat_r
 .text._isatty_r
                0x000000000800cddc       0x20 C:/ST/STM32CubeIDE_1.13.1/STM32CubeIDE/plugins/com.st.stm32cube.ide.mcu.externaltools.gnu-tools-for-stm32.11.3.rel1.win32_1.1.0.202305231506/tools/bin/../lib/gcc/arm-none-eabi/11.3.1/../../../../arm-none-eabi/lib/thumb/v7e-m+fp/hard\libc_nano.a(libc_a-isattyr.o)
                0x000000000800cddc                _isatty_r
 *(.glue_7)
 .glue_7        0x000000000800cdfc        0x0 linker stubs
 *(.glue_7t)
 .glue_7t       0x000000000800cdfc        0x0 linker stubs
 *(.eh_frame)
 .eh_frame      0x000000000800cdfc        0x0 C:/ST/STM32CubeIDE_1.13.1/STM32CubeIDE/plugins/com.st.stm32cube.ide.mcu.externaltools.gnu-tools-for-stm32.11.3.rel1.win32_1.1.0.202305231506/tools/bin/../lib/gcc/arm-none-eabi/11.3.1/thumb/v7e-m+fp/hard/crtbegin.o
 *(.init)
 .init          0x000000000800cdfc        0x4 C:/ST/STM32CubeIDE_1.13.1/STM32CubeIDE/plugins/com.st.stm32cube.ide.mcu.externaltools.gnu-tools-for-stm32.11.3.rel1.win32_1.1.0.202305231506/tools/bin/../lib/gcc/arm-none-eabi/11.3.1/thumb/v7e-m+fp/hard/crti.o
                0x000000000800cdfc                _init
 .init          0x000000000800ce00        0x8 C:/ST/STM32CubeIDE_1.13.1/STM32CubeIDE/plugins/com.st.stm32cube.ide.mcu.externaltools.gnu-tools-for-stm32.11.3.rel1.win32_1.1.0.202305231506/tools/bin/../lib/gcc/arm-none-eabi/11.3.1/thumb/v7e-m+fp/hard/crtn.o
 *(.fini)
 .fini          0x000000000800ce08        0x4 C:/ST/STM32CubeIDE_1.13.1/STM32CubeIDE/plugins/com.st.stm32cube.ide.mcu.externaltools.gnu-tools-for-stm32.11.3.rel1.win32_1.1.0.202305231506/tools/bin/../lib/gcc/arm-none-eabi/11.3.1/thumb/v7e-m+fp/hard/crti.o
                0x000000000800ce08                _fini
 .fini          0x000000000800ce0c        0x8 C:/ST/STM32CubeIDE_1.13.1/STM32CubeIDE/plugins/com.st.stm32cube.ide.mcu.externaltools.gnu-tools-for-stm32.11.3.rel1.win32_1.1.0.202305231506/tools/bin/../lib/gcc/arm-none-eabi/11.3.1/thumb/v7e-m+fp/hard/crtn.o
                0x000000000800ce14                . = ALIGN (0x4)
                0x000000000800ce14                _etext = .

.vfp11_veneer   0x000000000800ce14        0x0
 .vfp11_veneer  0x000000000800ce14        0x0 linker stubs

.v4_bx          0x000000000800ce14        0x0
 .v4_bx         0x000000000800ce14        0x0 linker stubs

.iplt           0x000000000800ce14        0x0
 .iplt          0x000000000800ce14        0x0 C:/ST/STM32CubeIDE_1.13.1/STM32CubeIDE/plugins/com.st.stm32cube.ide.mcu.externaltools.gnu-tools-for-stm32.11.3.rel1.win32_1.1.0.202305231506/tools/bin/../lib/gcc/arm-none-eabi/11.3.1/thumb/v7e-m+fp/hard/crtbegin.o

.rodata         0x000000000800ce18      0x488
                0x000000000800ce18                . = ALIGN (0x4)
 *(.rodata)
 .rodata        0x000000000800ce18       0x7c ./Core/Src/mylibs/shell.o
 *(.rodata*)
 .rodata.AHBPrescTable
                0x000000000800ce94       0x10 ./Core/Src/system_stm32g4xx.o
                0x000000000800ce94                AHBPrescTable
 .rodata.APBPrescTable
                0x000000000800cea4        0x8 ./Core/Src/system_stm32g4xx.o
                0x000000000800cea4                APBPrescTable
 .rodata.UARTPrescTable
                0x000000000800ceac       0x18 ./Drivers/STM32G4xx_HAL_Driver/Src/stm32g4xx_hal_uart.o
                0x000000000800ceac                UARTPrescTable
 .rodata.numerator.1
                0x000000000800cec4        0x8 ./Drivers/STM32G4xx_HAL_Driver/Src/stm32g4xx_hal_uart_ex.o
 .rodata.denominator.0
                0x000000000800cecc        0x8 ./Drivers/STM32G4xx_HAL_Driver/Src/stm32g4xx_hal_uart_ex.o
 .rodata._ctype_
                0x000000000800ced4      0x101 C:/ST/STM32CubeIDE_1.13.1/STM32CubeIDE/plugins/com.st.stm32cube.ide.mcu.externaltools.gnu-tools-for-stm32.11.3.rel1.win32_1.1.0.202305231506/tools/bin/../lib/gcc/arm-none-eabi/11.3.1/../../../../arm-none-eabi/lib/thumb/v7e-m+fp/hard\libc_nano.a(libc_a-ctype_.o)
                0x000000000800ced4                _ctype_
 .rodata._printf_float.str1.1
                0x000000000800cfd5       0x12 C:/ST/STM32CubeIDE_1.13.1/STM32CubeIDE/plugins/com.st.stm32cube.ide.mcu.externaltools.gnu-tools-for-stm32.11.3.rel1.win32_1.1.0.202305231506/tools/bin/../lib/gcc/arm-none-eabi/11.3.1/../../../../arm-none-eabi/lib/thumb/v7e-m+fp/hard\libc_nano.a(libc_a-nano-vfprintf_float.o)
 .rodata._printf_i.str1.1
                0x000000000800cfe7       0x22 C:/ST/STM32CubeIDE_1.13.1/STM32CubeIDE/plugins/com.st.stm32cube.ide.mcu.externaltools.gnu-tools-for-stm32.11.3.rel1.win32_1.1.0.202305231506/tools/bin/../lib/gcc/arm-none-eabi/11.3.1/../../../../arm-none-eabi/lib/thumb/v7e-m+fp/hard\libc_nano.a(libc_a-nano-vfprintf_i.o)
 .rodata.strtok.str1.1
                0x000000000800d009       0x71 C:/ST/STM32CubeIDE_1.13.1/STM32CubeIDE/plugins/com.st.stm32cube.ide.mcu.externaltools.gnu-tools-for-stm32.11.3.rel1.win32_1.1.0.202305231506/tools/bin/../lib/gcc/arm-none-eabi/11.3.1/../../../../arm-none-eabi/lib/thumb/v7e-m+fp/hard\libc_nano.a(libc_a-strtok.o)
 .rodata.__assert_func.str1.1
                0x000000000800d07a       0x3c C:/ST/STM32CubeIDE_1.13.1/STM32CubeIDE/plugins/com.st.stm32cube.ide.mcu.externaltools.gnu-tools-for-stm32.11.3.rel1.win32_1.1.0.202305231506/tools/bin/../lib/gcc/arm-none-eabi/11.3.1/../../../../arm-none-eabi/lib/thumb/v7e-m+fp/hard\libc_nano.a(libc_a-assert.o)
                                         0x3d (size before relaxing)
 .rodata._dtoa_r.str1.1
                0x000000000800d0b6       0x76 C:/ST/STM32CubeIDE_1.13.1/STM32CubeIDE/plugins/com.st.stm32cube.ide.mcu.externaltools.gnu-tools-for-stm32.11.3.rel1.win32_1.1.0.202305231506/tools/bin/../lib/gcc/arm-none-eabi/11.3.1/../../../../arm-none-eabi/lib/thumb/v7e-m+fp/hard\libc_nano.a(libc_a-dtoa.o)
                                         0x8f (size before relaxing)
 .rodata._Balloc.str1.1
                0x000000000800d12c       0x59 C:/ST/STM32CubeIDE_1.13.1/STM32CubeIDE/plugins/com.st.stm32cube.ide.mcu.externaltools.gnu-tools-for-stm32.11.3.rel1.win32_1.1.0.202305231506/tools/bin/../lib/gcc/arm-none-eabi/11.3.1/../../../../arm-none-eabi/lib/thumb/v7e-m+fp/hard\libc_nano.a(libc_a-mprec.o)
                                         0x70 (size before relaxing)
 .rodata.__multadd.str1.1
                0x000000000800d185       0x11 C:/ST/STM32CubeIDE_1.13.1/STM32CubeIDE/plugins/com.st.stm32cube.ide.mcu.externaltools.gnu-tools-for-stm32.11.3.rel1.win32_1.1.0.202305231506/tools/bin/../lib/gcc/arm-none-eabi/11.3.1/../../../../arm-none-eabi/lib/thumb/v7e-m+fp/hard\libc_nano.a(libc_a-mprec.o)
 *fill*         0x000000000800d185        0x3 
 .rodata.__mprec_bigtens
                0x000000000800d188       0x28 C:/ST/STM32CubeIDE_1.13.1/STM32CubeIDE/plugins/com.st.stm32cube.ide.mcu.externaltools.gnu-tools-for-stm32.11.3.rel1.win32_1.1.0.202305231506/tools/bin/../lib/gcc/arm-none-eabi/11.3.1/../../../../arm-none-eabi/lib/thumb/v7e-m+fp/hard\libc_nano.a(libc_a-mprec.o)
                0x000000000800d188                __mprec_bigtens
 .rodata.__mprec_tens
                0x000000000800d1b0       0xc8 C:/ST/STM32CubeIDE_1.13.1/STM32CubeIDE/plugins/com.st.stm32cube.ide.mcu.externaltools.gnu-tools-for-stm32.11.3.rel1.win32_1.1.0.202305231506/tools/bin/../lib/gcc/arm-none-eabi/11.3.1/../../../../arm-none-eabi/lib/thumb/v7e-m+fp/hard\libc_nano.a(libc_a-mprec.o)
                0x000000000800d1b0                __mprec_tens
 .rodata.p05.0  0x000000000800d278        0xc C:/ST/STM32CubeIDE_1.13.1/STM32CubeIDE/plugins/com.st.stm32cube.ide.mcu.externaltools.gnu-tools-for-stm32.11.3.rel1.win32_1.1.0.202305231506/tools/bin/../lib/gcc/arm-none-eabi/11.3.1/../../../../arm-none-eabi/lib/thumb/v7e-m+fp/hard\libc_nano.a(libc_a-mprec.o)
 .rodata._svfprintf_r.str1.1
                0x000000000800d284       0x11 C:/ST/STM32CubeIDE_1.13.1/STM32CubeIDE/plugins/com.st.stm32cube.ide.mcu.externaltools.gnu-tools-for-stm32.11.3.rel1.win32_1.1.0.202305231506/tools/bin/../lib/gcc/arm-none-eabi/11.3.1/../../../../arm-none-eabi/lib/thumb/v7e-m+fp/hard\libc_nano.a(libc_a-nano-svfprintf.o)
 .rodata._setlocale_r.str1.1
                0x000000000800d295        0x8 C:/ST/STM32CubeIDE_1.13.1/STM32CubeIDE/plugins/com.st.stm32cube.ide.mcu.externaltools.gnu-tools-for-stm32.11.3.rel1.win32_1.1.0.202305231506/tools/bin/../lib/gcc/arm-none-eabi/11.3.1/../../../../arm-none-eabi/lib/thumb/v7e-m+fp/hard\libc_nano.a(libc_a-locale.o)
                                          0x9 (size before relaxing)
 .rodata.str1.1
                0x000000000800d29d        0x2 C:/ST/STM32CubeIDE_1.13.1/STM32CubeIDE/plugins/com.st.stm32cube.ide.mcu.externaltools.gnu-tools-for-stm32.11.3.rel1.win32_1.1.0.202305231506/tools/bin/../lib/gcc/arm-none-eabi/11.3.1/../../../../arm-none-eabi/lib/thumb/v7e-m+fp/hard\libc_nano.a(libc_a-locale.o)
 .rodata._vfprintf_r.str1.1
                0x000000000800d29f       0x11 C:/ST/STM32CubeIDE_1.13.1/STM32CubeIDE/plugins/com.st.stm32cube.ide.mcu.externaltools.gnu-tools-for-stm32.11.3.rel1.win32_1.1.0.202305231506/tools/bin/../lib/gcc/arm-none-eabi/11.3.1/../../../../arm-none-eabi/lib/thumb/v7e-m+fp/hard\libc_nano.a(libc_a-nano-vfprintf.o)
                0x000000000800d2b0                . = ALIGN (0x4)
 *fill*         0x000000000800d29f        0x1 

.ARM.extab      0x000000000800d2a0        0x0
                0x000000000800d2a0                . = ALIGN (0x4)
 *(.ARM.extab* .gnu.linkonce.armextab.*)
                0x000000000800d2a0                . = ALIGN (0x4)

.ARM            0x000000000800d2a0        0x8
                0x000000000800d2a0                . = ALIGN (0x4)
                0x000000000800d2a0                __exidx_start = .
 *(.ARM.exidx*)